Archive member included to satisfy reference by file (symbol)

/home/znic1967/SJSU-Dev/tools/gcc-arm-none-eabi-6-2017-q2-update/bin/../lib/gcc/arm-none-eabi/6.3.1/../../../../arm-none-eabi/lib/thumb/v7-m/libstdc++_nano.a(class_type_info.o)
                              obj//home/znic1967/SJSU-Dev/firmware/lib/L2_Drivers/base/char_dev.o (vtable for __cxxabiv1::__class_type_info)
/home/znic1967/SJSU-Dev/tools/gcc-arm-none-eabi-6-2017-q2-update/bin/../lib/gcc/arm-none-eabi/6.3.1/../../../../arm-none-eabi/lib/thumb/v7-m/libstdc++_nano.a(si_class_type_info.o)
                              obj//home/znic1967/SJSU-Dev/firmware/lib/L2_Drivers/base/uart_dev.o (vtable for __cxxabiv1::__si_class_type_info)
/home/znic1967/SJSU-Dev/tools/gcc-arm-none-eabi-6-2017-q2-update/bin/../lib/gcc/arm-none-eabi/6.3.1/../../../../arm-none-eabi/lib/thumb/v7-m/libstdc++_nano.a(del_ops.o)
                              obj//home/znic1967/SJSU-Dev/firmware/lib/L2_Drivers/base/char_dev.o (operator delete(void*, unsigned int))
/home/znic1967/SJSU-Dev/tools/gcc-arm-none-eabi-6-2017-q2-update/bin/../lib/gcc/arm-none-eabi/6.3.1/../../../../arm-none-eabi/lib/thumb/v7-m/libstdc++_nano.a(guard.o)
                              obj//home/znic1967/SJSU-Dev/firmware/lib/L5_HighLevel/source/cmd_handlers/handlers.o (__cxa_guard_acquire)
/home/znic1967/SJSU-Dev/tools/gcc-arm-none-eabi-6-2017-q2-update/bin/../lib/gcc/arm-none-eabi/6.3.1/../../../../arm-none-eabi/lib/thumb/v7-m/libstdc++_nano.a(pure.o)
                              obj//home/znic1967/SJSU-Dev/firmware/lib/L2_Drivers/base/char_dev.o (__cxa_pure_virtual)
/home/znic1967/SJSU-Dev/tools/gcc-arm-none-eabi-6-2017-q2-update/bin/../lib/gcc/arm-none-eabi/6.3.1/../../../../arm-none-eabi/lib/thumb/v7-m/libstdc++_nano.a(vmi_class_type_info.o)
                              obj//home/znic1967/SJSU-Dev/firmware/lib/L2_Drivers/src/nrf_stream.o (vtable for __cxxabiv1::__vmi_class_type_info)
/home/znic1967/SJSU-Dev/tools/gcc-arm-none-eabi-6-2017-q2-update/bin/../lib/gcc/arm-none-eabi/6.3.1/../../../../arm-none-eabi/lib/thumb/v7-m/libstdc++_nano.a(tinfo.o)
                              /home/znic1967/SJSU-Dev/tools/gcc-arm-none-eabi-6-2017-q2-update/bin/../lib/gcc/arm-none-eabi/6.3.1/../../../../arm-none-eabi/lib/thumb/v7-m/libstdc++_nano.a(class_type_info.o) (std::type_info::~type_info())
/home/znic1967/SJSU-Dev/tools/gcc-arm-none-eabi-6-2017-q2-update/bin/../lib/gcc/arm-none-eabi/6.3.1/../../../../arm-none-eabi/lib/thumb/v7-m/libstdc++_nano.a(eh_terminate.o)
                              /home/znic1967/SJSU-Dev/tools/gcc-arm-none-eabi-6-2017-q2-update/bin/../lib/gcc/arm-none-eabi/6.3.1/../../../../arm-none-eabi/lib/thumb/v7-m/libstdc++_nano.a(pure.o) (std::terminate())
/home/znic1967/SJSU-Dev/tools/gcc-arm-none-eabi-6-2017-q2-update/bin/../lib/gcc/arm-none-eabi/6.3.1/../../../../arm-none-eabi/lib/thumb/v7-m/libstdc++_nano.a(eh_term_handler.o)
                              /home/znic1967/SJSU-Dev/tools/gcc-arm-none-eabi-6-2017-q2-update/bin/../lib/gcc/arm-none-eabi/6.3.1/../../../../arm-none-eabi/lib/thumb/v7-m/libstdc++_nano.a(eh_terminate.o) (__cxxabiv1::__terminate_handler)
/home/znic1967/SJSU-Dev/tools/gcc-arm-none-eabi-6-2017-q2-update/bin/../lib/gcc/arm-none-eabi/6.3.1/../../../../arm-none-eabi/lib/thumb/v7-m/libstdc++_nano.a(eh_unex_handler.o)
                              /home/znic1967/SJSU-Dev/tools/gcc-arm-none-eabi-6-2017-q2-update/bin/../lib/gcc/arm-none-eabi/6.3.1/../../../../arm-none-eabi/lib/thumb/v7-m/libstdc++_nano.a(eh_terminate.o) (__cxxabiv1::__unexpected_handler)
/home/znic1967/SJSU-Dev/tools/gcc-arm-none-eabi-6-2017-q2-update/bin/../lib/gcc/arm-none-eabi/6.3.1/thumb/v7-m/libgcc.a(_ashldi3.o)
                              obj//home/znic1967/SJSU-Dev/firmware/lib/L0_LowLevel/source/lpc_peripherals.o (__aeabi_llsl)
/home/znic1967/SJSU-Dev/tools/gcc-arm-none-eabi-6-2017-q2-update/bin/../lib/gcc/arm-none-eabi/6.3.1/thumb/v7-m/libgcc.a(_arm_addsubdf3.o)
                              obj//home/znic1967/SJSU-Dev/firmware/lib/L0_LowLevel/source/uart0_min.o (__aeabi_dadd)
/home/znic1967/SJSU-Dev/tools/gcc-arm-none-eabi-6-2017-q2-update/bin/../lib/gcc/arm-none-eabi/6.3.1/thumb/v7-m/libgcc.a(_arm_fixunsdfsi.o)
                              obj//home/znic1967/SJSU-Dev/firmware/lib/L0_LowLevel/source/uart0_min.o (__aeabi_d2uiz)
/home/znic1967/SJSU-Dev/tools/gcc-arm-none-eabi-6-2017-q2-update/bin/../lib/gcc/arm-none-eabi/6.3.1/thumb/v7-m/libgcc.a(_arm_truncdfsf2.o)
                              obj//home/znic1967/SJSU-Dev/firmware/lib/L3_Utils/src/str.o (__aeabi_d2f)
/home/znic1967/SJSU-Dev/tools/gcc-arm-none-eabi-6-2017-q2-update/bin/../lib/gcc/arm-none-eabi/6.3.1/thumb/v7-m/libgcc.a(_arm_addsubsf3.o)
                              obj//home/znic1967/SJSU-Dev/firmware/lib/L3_Utils/src/str.o (__aeabi_fsub)
/home/znic1967/SJSU-Dev/tools/gcc-arm-none-eabi-6-2017-q2-update/bin/../lib/gcc/arm-none-eabi/6.3.1/thumb/v7-m/libgcc.a(_arm_muldivsf3.o)
[...]
Memory Configuration

Name             Origin             Length             Attributes
FLASH            0x0000000000010000 0x0000000000070000 xr
SRAM             0x0000000010000000 0x0000000000008000 xrw
SRAM_AHB         0x000000002007c000 0x0000000000008000 xrw
*default*        0x0000000000000000 0xffffffffffffffff

Linker script and memory map

LOAD bin/firmware.sym.o
LOAD obj//home/znic1967/SJSU-Dev/firmware/lib/L0_LowLevel/source/core_cm3.o
LOAD obj//home/znic1967/SJSU-Dev/firmware/lib/L0_LowLevel/source/low_level_init.o
LOAD obj//home/znic1967/SJSU-Dev/firmware/lib/L0_LowLevel/source/lpc_peripherals.o
LOAD obj//home/znic1967/SJSU-Dev/firmware/lib/L0_LowLevel/source/lpc_sys.o
LOAD obj//home/znic1967/SJSU-Dev/firmware/lib/L0_LowLevel/source/startup.o
LOAD obj//home/znic1967/SJSU-Dev/firmware/lib/L0_LowLevel/source/sys_clock.o
LOAD obj//home/znic1967/SJSU-Dev/firmware/lib/L0_LowLevel/source/uart0_min.o
LOAD obj//home/znic1967/SJSU-Dev/firmware/lib/L1_FreeRTOS/MemMang/freertos_mem_man.o
LOAD obj//home/znic1967/SJSU-Dev/firmware/lib/L1_FreeRTOS/hooks/hooks.o
LOAD obj//home/znic1967/SJSU-Dev/firmware/lib/L1_FreeRTOS/portable/no_mpu/port.o
LOAD obj//home/znic1967/SJSU-Dev/firmware/lib/L1_FreeRTOS/portable/run_time_stats.o
LOAD obj//home/znic1967/SJSU-Dev/firmware/lib/L1_FreeRTOS/src/croutine.o
LOAD obj//home/znic1967/SJSU-Dev/firmware/lib/L1_FreeRTOS/src/event_groups.o
LOAD obj//home/znic1967/SJSU-Dev/firmware/lib/L1_FreeRTOS/src/list.o
LOAD obj//home/znic1967/SJSU-Dev/firmware/lib/L1_FreeRTOS/src/queue.o
LOAD obj//home/znic1967/SJSU-Dev/firmware/lib/L1_FreeRTOS/src/tasks.o
LOAD obj//home/znic1967/SJSU-Dev/firmware/lib/L1_FreeRTOS/src/timers.o
LOAD obj//home/znic1967/SJSU-Dev/firmware/lib/L1_FreeRTOS/trace/run_time_counter.o
LOAD obj//home/znic1967/SJSU-Dev/firmware/lib/L1_FreeRTOS/trace/trcBase.o
LOAD obj//home/znic1967/SJSU-Dev/firmware/lib/L1_FreeRTOS/trace/trcHardwarePort.o
LOAD obj//home/znic1967/SJSU-Dev/firmware/lib/L1_FreeRTOS/trace/trcKernel.o
LOAD obj//home/znic1967/SJSU-Dev/firmware/lib/L1_FreeRTOS/trace/trcKernelPort.o
LOAD obj//home/znic1967/SJSU-Dev/firmware/lib/L1_FreeRTOS/trace/trcUser.o
LOAD obj//home/znic1967/SJSU-Dev/firmware/lib/L2_Drivers/base/char_dev.o
LOAD obj//home/znic1967/SJSU-Dev/firmware/lib/L2_Drivers/base/i2c_base.o
LOAD obj//home/znic1967/SJSU-Dev/firmware/lib/L2_Drivers/base/uart_dev.o
LOAD obj//home/znic1967/SJSU-Dev/firmware/lib/L2_Drivers/src/adc.o
LOAD obj//home/znic1967/SJSU-Dev/firmware/lib/L2_Drivers/src/can.o
LOAD obj//home/znic1967/SJSU-Dev/firmware/lib/L2_Drivers/src/eint.o
LOAD obj//home/znic1967/SJSU-Dev/firmware/lib/L2_Drivers/src/i2c2.o
LOAD obj//home/znic1967/SJSU-Dev/firmware/lib/L2_Drivers/src/lpc_pwm.o
LOAD obj//home/znic1967/SJSU-Dev/firmware/lib/L2_Drivers/src/lpc_rit.o
LOAD obj//home/znic1967/SJSU-Dev/firmware/lib/L2_Drivers/src/lpc_timers.o
LOAD obj//home/znic1967/SJSU-Dev/firmware/lib/L2_Drivers/src/nrf_stream.o
LOAD obj//home/znic1967/SJSU-Dev/firmware/lib/L2_Drivers/src/rtc.o
LOAD obj//home/znic1967/SJSU-Dev/firmware/lib/L2_Drivers/src/spi_dma.o
LOAD obj//home/znic1967/SJSU-Dev/firmware/lib/L2_Drivers/src/spi_sem.o
LOAD obj//home/znic1967/SJSU-Dev/firmware/lib/L2_Drivers/src/uart0.o
LOAD obj//home/znic1967/SJSU-Dev/firmware/lib/L2_Drivers/src/uart2.o
LOAD obj//home/znic1967/SJSU-Dev/firmware/lib/L2_Drivers/src/uart3.o
LOAD obj//home/znic1967/SJSU-Dev/firmware/lib/L3_Utils/src/c_list.o
LOAD obj//home/znic1967/SJSU-Dev/firmware/lib/L3_Utils/src/command_handler.o
LOAD obj//home/znic1967/SJSU-Dev/firmware/lib/L3_Utils/src/file_logger.o
LOAD obj//home/znic1967/SJSU-Dev/firmware/lib/L3_Utils/src/freertos_timer.o
LOAD obj//home/znic1967/SJSU-Dev/firmware/lib/L3_Utils/src/printf_lib.o
LOAD obj//home/znic1967/SJSU-Dev/firmware/lib/L3_Utils/src/rtc_alarm.o
LOAD obj//home/znic1967/SJSU-Dev/firmware/lib/L3_Utils/src/scheduler_task.o
LOAD obj//home/znic1967/SJSU-Dev/firmware/lib/L3_Utils/src/str.o
LOAD obj//home/znic1967/SJSU-Dev/firmware/lib/L3_Utils/src/utilities.o
LOAD obj//home/znic1967/SJSU-Dev/firmware/lib/L3_Utils/tlm/src/c_tlm_binary.o
LOAD obj//home/znic1967/SJSU-Dev/firmware/lib/L3_Utils/tlm/src/c_tlm_comp.o
LOAD obj//home/znic1967/SJSU-Dev/firmware/lib/L3_Utils/tlm/src/c_tlm_stream.o
LOAD obj//home/znic1967/SJSU-Dev/firmware/lib/L3_Utils/tlm/src/c_tlm_var.o
LOAD obj//home/znic1967/SJSU-Dev/firmware/lib/L4_IO/fat/disk/diskio.o
LOAD obj//home/znic1967/SJSU-Dev/firmware/lib/L4_IO/fat/disk/sd.o
LOAD obj//home/znic1967/SJSU-Dev/firmware/lib/L4_IO/fat/disk/spi_flash.o
LOAD obj//home/znic1967/SJSU-Dev/firmware/lib/L4_IO/fat/fatfs_time.o
LOAD obj//home/znic1967/SJSU-Dev/firmware/lib/L4_IO/fat/ff.o
LOAD obj//home/znic1967/SJSU-Dev/firmware/lib/L4_IO/fat/option/ccsbcs.o
LOAD obj//home/znic1967/SJSU-Dev/firmware/lib/L4_IO/fat/option/reentrant.o
LOAD obj//home/znic1967/SJSU-Dev/firmware/lib/L4_IO/src/gpio.o
LOAD obj//home/znic1967/SJSU-Dev/firmware/lib/L4_IO/src/io_source.o
LOAD obj//home/znic1967/SJSU-Dev/firmware/lib/L4_IO/src/storage.o
LOAD obj//home/znic1967/SJSU-Dev/firmware/lib/L4_IO/wireless/src/mesh.o
LOAD obj//home/znic1967/SJSU-Dev/firmware/lib/L4_IO/wireless/src/nrf24L01Plus.o
LOAD obj//home/znic1967/SJSU-Dev/firmware/lib/L4_IO/wireless/src/wireless.o
LOAD obj//home/znic1967/SJSU-Dev/firmware/lib/L5_HighLevel/examples/examples.o
LOAD obj//home/znic1967/SJSU-Dev/firmware/lib/L5_HighLevel/examples/rn_xv_task.o
LOAD obj//home/znic1967/SJSU-Dev/firmware/lib/L5_HighLevel/periodic_scheduler/prd_dispatcher.o
LOAD obj//home/znic1967/SJSU-Dev/firmware/lib/L5_HighLevel/source/cmd_handlers/handlers.o
LOAD obj//home/znic1967/SJSU-Dev/firmware/lib/L5_HighLevel/source/cmd_handlers/prog_handlers.o
LOAD obj//home/znic1967/SJSU-Dev/firmware/lib/L5_HighLevel/source/cmd_handlers/wireless_handlers.o
LOAD obj//home/znic1967/SJSU-Dev/firmware/lib/L5_HighLevel/source/high_level_init.o
LOAD obj//home/znic1967/SJSU-Dev/firmware/lib/L5_HighLevel/source/remote.o
LOAD obj//home/znic1967/SJSU-Dev/firmware/lib/L5_HighLevel/source/terminal.o
LOAD obj//home/znic1967/SJSU-Dev/firmware/lib/newlib/malloc_lock.o
LOAD obj//home/znic1967/SJSU-Dev/firmware/lib/newlib/memory.o
LOAD obj//home/znic1967/SJSU-Dev/firmware/lib/newlib/newlib_syscalls.o
LOAD obj//home/znic1967/SJSU-Dev/firmware/lib/newlib/newlib_time.o
LOAD obj/L5_Application/main.o
LOAD /home/znic1967/SJSU-Dev/tools/gcc-arm-none-eabi-6-2017-q2-update/bin/../lib/gcc/arm-none-eabi/6.3.1/../../../../arm-none-eabi/lib/thumb/v7-m/libstdc++_nano.a
LOAD /home/znic1967/SJSU-Dev/tools/gcc-arm-none-eabi-6-2017-q2-update/bin/../lib/gcc/arm-none-eabi/6.3.1/../../../../arm-none-eabi/lib/thumb/v7-m/libm.a
START GROUP
LOAD /home/znic1967/SJSU-Dev/tools/gcc-arm-none-eabi-6-2017-q2-update/bin/../lib/gcc/arm-none-eabi/6.3.1/thumb/v7-m/libgcc.a
LOAD /home/znic1967/SJSU-Dev/tools/gcc-arm-none-eabi-6-2017-q2-update/bin/../lib/gcc/arm-none-eabi/6.3.1/../../../../arm-none-eabi/lib/thumb/v7-m/libc_nano.a
END GROUP
START GROUP
LOAD /home/znic1967/SJSU-Dev/tools/gcc-arm-none-eabi-6-2017-q2-update/bin/../lib/gcc/arm-none-eabi/6.3.1/thumb/v7-m/libgcc.a
LOAD /home/znic1967/SJSU-Dev/tools/gcc-arm-none-eabi-6-2017-q2-update/bin/../lib/gcc/arm-none-eabi/6.3.1/../../../../arm-none-eabi/lib/thumb/v7-m/libc_nano.a
END GROUP

.text           0x0000000000010000    0x127f6
 FILL mask 0xff
 *(.isr_vector)
 .isr_vector    0x0000000000010000       0xcc obj//home/znic1967/SJSU-Dev/firmware/lib/L0_LowLevel/source/startup.o
                0x0000000000010000                g_pfnVectors
                0x00000000000100cc                . = ALIGN (0x4)
                0x00000000000100cc                __section_table_start = .
                0x00000000000100cc                __data_section_table = .
                0x00000000000100cc        0x4 LONG 0x22800 LOADADDR (.data)
                0x00000000000100d0        0x4 LONG 0x2007c000 ADDR (.data)
                0x00000000000100d4        0x4 LONG 0x2fc SIZEOF (.data)
                0x00000000000100d8                __data_section_table_end = .
                0x00000000000100d8                __bss_section_table = .
                0x00000000000100d8        0x4 LONG 0x2007c300 ADDR (.bss)
                0x00000000000100dc        0x4 LONG 0x4b8 SIZEOF (.bss)
                0x00000000000100e0                __bss_section_table_end = .
                0x00000000000100e0                __section_table_end = .
 *(.after_vectors*)
 .after_vectors
                0x00000000000100e0      0x120 obj//home/znic1967/SJSU-Dev/firmware/lib/L0_LowLevel/source/startup.o
                0x00000000000100e0                isr_hard_fault
                0x00000000000100fa                isr_nmi
                0x0000000000010108                isr_mem_fault
                0x0000000000010118                isr_bus_fault
                0x0000000000010128                isr_usage_fault
                0x0000000000010138                isr_debug_mon
                0x0000000000010148                TIMER2_IRQHandler
                0x0000000000010148                I2C0_IRQHandler
                0x0000000000010148                PWM1_IRQHandler
                0x0000000000010148                I2C1_IRQHandler
                0x0000000000010148                EINT2_IRQHandler
                0x0000000000010148                UART1_IRQHandler
                0x0000000000010148                TIMER3_IRQHandler
                0x0000000000010148                PLL0_IRQHandler
                0x0000000000010148                PLL1_IRQHandler
                0x0000000000010148                SSP0_IRQHandler
                0x0000000000010148                CANAct_IRQHandler
                0x0000000000010148                I2S_IRQHandler
                0x0000000000010148                TIMER0_IRQHandler
                0x0000000000010148                SPI_IRQHandler
                0x0000000000010148                EINT1_IRQHandler
                0x0000000000010148                isr_default_handler
                0x0000000000010148                SSP1_IRQHandler
                0x0000000000010148                USB_IRQHandler
                0x0000000000010148                BOD_IRQHandler
                0x0000000000010148                WDT_IRQHandler
                0x0000000000010148                QEI_IRQHandler
                0x0000000000010148                EINT0_IRQHandler
                0x0000000000010148                DMA_IRQHandler
                0x0000000000010148                MCPWM_IRQHandler
                0x0000000000010148                ENET_IRQHandler
                0x0000000000010148                USBAct_IRQHandler
                0x0000000000010158                isr_sys_tick
                0x000000000001016a                data_init(unsigned int, unsigned int, unsigned int)
                0x0000000000010180                bss_init(unsigned int, unsigned int)
                0x0000000000010194                isr_reset
 *(.text*)
 .text.__set_PSP
                0x0000000000010200        0x6 obj//home/znic1967/SJSU-Dev/firmware/lib/L0_LowLevel/source/core_cm3.o
                0x0000000000010200                __set_PSP
 .text.__set_MSP
                0x0000000000010206        0x6 obj//home/znic1967/SJSU-Dev/firmware/lib/L0_LowLevel/source/core_cm3.o
                0x0000000000010206                __set_MSP
 .text.__set_BASEPRI
                0x000000000001020c        0x6 obj//home/znic1967/SJSU-Dev/firmware/lib/L0_LowLevel/source/core_cm3.o
                0x000000000001020c                __set_BASEPRI
 *fill*         0x0000000000010212        0x2 ff
 .text.sys_get_boot_type
                0x0000000000010214        0xc obj//home/znic1967/SJSU-Dev/firmware/lib/L0_LowLevel/source/low_level_init.o
                0x0000000000010214                sys_get_boot_type
 .text._Z14low_level_initv
                0x0000000000010220      0x228 obj//home/znic1967/SJSU-Dev/firmware/lib/L0_LowLevel/source/low_level_init.o
                0x0000000000010220                low_level_init()
 .text.lpc_pconp
                0x0000000000010448       0x34 obj//home/znic1967/SJSU-Dev/firmware/lib/L0_LowLevel/source/lpc_peripherals.o
                0x0000000000010448                lpc_pconp
 .text.lpc_pclk
                0x000000000001047c       0x48 obj//home/znic1967/SJSU-Dev/firmware/lib/L0_LowLevel/source/lpc_peripherals.o
                0x000000000001047c                lpc_pclk
 .text.lpc_sys_setup_system_timer
                0x00000000000104c4       0x54 obj//home/znic1967/SJSU-Dev/firmware/lib/L0_LowLevel/source/lpc_sys.o
                0x00000000000104c4                lpc_sys_setup_system_timer
 .text.sys_get_uptime_us
                0x0000000000010518       0x2c obj//home/znic1967/SJSU-Dev/firmware/lib/L0_LowLevel/source/lpc_sys.o
                0x0000000000010518                sys_get_uptime_us
 .text.sys_get_mem_info_str
                0x0000000000010544       0x38 obj//home/znic1967/SJSU-Dev/firmware/lib/L0_LowLevel/source/lpc_sys.o
                0x0000000000010544                sys_get_mem_info_str
 .text._ZN17SingletonTemplateI9IR_SensorE11getInstanceEv
                0x000000000001057c       0x18 obj//home/znic1967/SJSU-Dev/firmware/lib/L0_LowLevel/source/lpc_sys.o
                0x000000000001057c                SingletonTemplate<IR_Sensor>::getInstance()
 .text.TIMER1_IRQHandler
                0x0000000000010594       0xbc obj//home/znic1967/SJSU-Dev/firmware/lib/L0_LowLevel/source/lpc_sys.o
                0x0000000000010594                TIMER1_IRQHandler
 .text.isr_forwarder_routine
                0x0000000000010650       0x3c obj//home/znic1967/SJSU-Dev/firmware/lib/L0_LowLevel/source/startup.o
 .text.isr_hard_fault_handler
                0x000000000001068c       0x58 obj//home/znic1967/SJSU-Dev/firmware/lib/L0_LowLevel/source/startup.o
                0x000000000001068c                isr_hard_fault_handler
 .text._ZL19sys_clock_pll0_feedv
                0x00000000000106e4       0x14 obj//home/znic1967/SJSU-Dev/firmware/lib/L0_LowLevel/source/sys_clock.o
 .text._ZL23sys_clock_configure_plljjPiS_S_.constprop.0
                0x00000000000106f8       0x78 obj//home/znic1967/SJSU-Dev/firmware/lib/L0_LowLevel/source/sys_clock.o
 .text._Z19sys_clock_configurev
                0x0000000000010770       0xb4 obj//home/znic1967/SJSU-Dev/firmware/lib/L0_LowLevel/source/sys_clock.o
                0x0000000000010770                sys_clock_configure()
 .text.sys_get_cpu_clock
                0x0000000000010824       0xa8 obj//home/znic1967/SJSU-Dev/firmware/lib/L0_LowLevel/source/sys_clock.o
                0x0000000000010824                sys_get_cpu_clock
 .text.uart0_init
                0x00000000000108cc       0x60 obj//home/znic1967/SJSU-Dev/firmware/lib/L0_LowLevel/source/uart0_min.o
                0x00000000000108cc                uart0_init
 .text.uart0_getchar
                0x000000000001092c       0x18 obj//home/znic1967/SJSU-Dev/firmware/lib/L0_LowLevel/source/uart0_min.o
                0x000000000001092c                uart0_getchar
 .text.uart0_putchar
                0x0000000000010944       0x18 obj//home/znic1967/SJSU-Dev/firmware/lib/L0_LowLevel/source/uart0_min.o
                0x0000000000010944                uart0_putchar
 .text.uart0_puts
                0x000000000001095c       0x1a obj//home/znic1967/SJSU-Dev/firmware/lib/L0_LowLevel/source/uart0_min.o
                0x000000000001095c                uart0_puts
 .text.pvPortMalloc
                0x0000000000010976       0x1e obj//home/znic1967/SJSU-Dev/firmware/lib/L1_FreeRTOS/MemMang/freertos_mem_man.o
                0x0000000000010976                pvPortMalloc
 .text.vPortFree
                0x0000000000010994       0x1a obj//home/znic1967/SJSU-Dev/firmware/lib/L1_FreeRTOS/MemMang/freertos_mem_man.o
                0x0000000000010994                vPortFree
 *fill*         0x00000000000109ae        0x2 ff
 .text.vApplicationStackOverflowHook
                0x00000000000109b0       0x38 obj//home/znic1967/SJSU-Dev/firmware/lib/L1_FreeRTOS/hooks/hooks.o
                0x00000000000109b0                vApplicationStackOverflowHook
 .text.vApplicationMallocFailedHook
                0x00000000000109e8       0x24 obj//home/znic1967/SJSU-Dev/firmware/lib/L1_FreeRTOS/hooks/hooks.o
                0x00000000000109e8                vApplicationMallocFailedHook
 .text.prvTaskExitError
                0x0000000000010a0c       0x12 obj//home/znic1967/SJSU-Dev/firmware/lib/L1_FreeRTOS/portable/no_mpu/port.o
 *fill*         0x0000000000010a1e        0x2 ff
 .text.pxPortInitialiseStack
                0x0000000000010a20       0x24 obj//home/znic1967/SJSU-Dev/firmware/lib/L1_FreeRTOS/portable/no_mpu/port.o
                0x0000000000010a20                pxPortInitialiseStack
 *fill*         0x0000000000010a44        0xc ff
 .text.vPortSVCHandler
                0x0000000000010a50       0x24 obj//home/znic1967/SJSU-Dev/firmware/lib/L1_FreeRTOS/portable/no_mpu/port.o
                0x0000000000010a50                vPortSVCHandler
 .text.vPortEnterCritical
                0x0000000000010a74       0x20 obj//home/znic1967/SJSU-Dev/firmware/lib/L1_FreeRTOS/portable/no_mpu/port.o
                0x0000000000010a74                vPortEnterCritical
 .text.vPortExitCritical
                0x0000000000010a94       0x14 obj//home/znic1967/SJSU-Dev/firmware/lib/L1_FreeRTOS/portable/no_mpu/port.o
                0x0000000000010a94                vPortExitCritical
 *fill*         0x0000000000010aa8        0x8 ff
 .text.xPortPendSVHandler
                0x0000000000010ab0       0x44 obj//home/znic1967/SJSU-Dev/firmware/lib/L1_FreeRTOS/portable/no_mpu/port.o
                0x0000000000010ab0                xPortPendSVHandler
 .text.xPortSysTickHandler
                0x0000000000010af4       0x2c obj//home/znic1967/SJSU-Dev/firmware/lib/L1_FreeRTOS/portable/no_mpu/port.o
                0x0000000000010af4                xPortSysTickHandler
 .text.rts_not_full_trace_get
                0x0000000000010b20       0x14 obj//home/znic1967/SJSU-Dev/firmware/lib/L1_FreeRTOS/portable/run_time_stats.o
                0x0000000000010b20                rts_not_full_trace_get
 .text.vListInitialise
                0x0000000000010b34       0x16 obj//home/znic1967/SJSU-Dev/firmware/lib/L1_FreeRTOS/src/list.o
                0x0000000000010b34                vListInitialise
 .text.vListInitialiseItem
                0x0000000000010b4a        0x6 obj//home/znic1967/SJSU-Dev/firmware/lib/L1_FreeRTOS/src/list.o
                0x0000000000010b4a                vListInitialiseItem
 .text.vListInsertEnd
                0x0000000000010b50       0x18 obj//home/znic1967/SJSU-Dev/firmware/lib/L1_FreeRTOS/src/list.o
                0x0000000000010b50                vListInsertEnd
 .text.vListInsert
                0x0000000000010b68       0x2e obj//home/znic1967/SJSU-Dev/firmware/lib/L1_FreeRTOS/src/list.o
                0x0000000000010b68                vListInsert
 .text.uxListRemove
                0x0000000000010b96       0x20 obj//home/znic1967/SJSU-Dev/firmware/lib/L1_FreeRTOS/src/list.o
                0x0000000000010b96                uxListRemove
 .text.prvCopyDataToQueue
                0x0000000000010bb6       0x66 obj//home/znic1967/SJSU-Dev/firmware/lib/L1_FreeRTOS/src/queue.o
 .text.prvNotifyQueueSetContainer
                0x0000000000010c1c       0x4a obj//home/znic1967/SJSU-Dev/firmware/lib/L1_FreeRTOS/src/queue.o
 .text.prvCopyDataFromQueue
                0x0000000000010c66       0x28 obj//home/znic1967/SJSU-Dev/firmware/lib/L1_FreeRTOS/src/queue.o
 .text.prvUnlockQueue
                0x0000000000010c8e       0x7e obj//home/znic1967/SJSU-Dev/firmware/lib/L1_FreeRTOS/src/queue.o
 .text.xQueueGenericReset
                0x0000000000010d0c       0x6c obj//home/znic1967/SJSU-Dev/firmware/lib/L1_FreeRTOS/src/queue.o
                0x0000000000010d0c                xQueueGenericReset
 .text.xQueueGenericCreate
                0x0000000000010d78       0x32 obj//home/znic1967/SJSU-Dev/firmware/lib/L1_FreeRTOS/src/queue.o
                0x0000000000010d78                xQueueGenericCreate
 *fill*         0x0000000000010daa        0x2 ff
 .text.xQueueGenericSend
                0x0000000000010dac      0x104 obj//home/znic1967/SJSU-Dev/firmware/lib/L1_FreeRTOS/src/queue.o
                0x0000000000010dac                xQueueGenericSend
 .text.xQueueCreateMutex
                0x0000000000010eb0       0x24 obj//home/znic1967/SJSU-Dev/firmware/lib/L1_FreeRTOS/src/queue.o
                0x0000000000010eb0                xQueueCreateMutex
 .text.xQueueGenericSendFromISR
                0x0000000000010ed4       0x80 obj//home/znic1967/SJSU-Dev/firmware/lib/L1_FreeRTOS/src/queue.o
                0x0000000000010ed4                xQueueGenericSendFromISR
 .text.xQueueGiveFromISR
                0x0000000000010f54       0x68 obj//home/znic1967/SJSU-Dev/firmware/lib/L1_FreeRTOS/src/queue.o
                0x0000000000010f54                xQueueGiveFromISR
 .text.xQueueGenericReceive
                0x0000000000010fbc      0x134 obj//home/znic1967/SJSU-Dev/firmware/lib/L1_FreeRTOS/src/queue.o
                0x0000000000010fbc                xQueueGenericReceive
 .text.xQueueReceiveFromISR
                0x00000000000110f0       0x68 obj//home/znic1967/SJSU-Dev/firmware/lib/L1_FreeRTOS/src/queue.o
                0x00000000000110f0                xQueueReceiveFromISR
 .text.uxQueueMessagesWaiting
                0x0000000000011158       0x12 obj//home/znic1967/SJSU-Dev/firmware/lib/L1_FreeRTOS/src/queue.o
                0x0000000000011158                uxQueueMessagesWaiting
 .text.uxQueueMessagesWaitingFromISR
                0x000000000001116a        0x4 obj//home/znic1967/SJSU-Dev/firmware/lib/L1_FreeRTOS/src/queue.o
                0x000000000001116a                uxQueueMessagesWaitingFromISR
 *fill*         0x000000000001116e        0x2 ff
 .text.prvResetNextTaskUnblockTime
                0x0000000000011170       0x24 obj//home/znic1967/SJSU-Dev/firmware/lib/L1_FreeRTOS/src/tasks.o
 .text.prvAddCurrentTaskToDelayedList
                0x0000000000011194       0x8c obj//home/znic1967/SJSU-Dev/firmware/lib/L1_FreeRTOS/src/tasks.o
 .text.xTaskCreate
                0x0000000000011220      0x1a4 obj//home/znic1967/SJSU-Dev/firmware/lib/L1_FreeRTOS/src/tasks.o
                0x0000000000011220                xTaskCreate
 .text.vTaskSuspendAll
                0x00000000000113c4       0x10 obj//home/znic1967/SJSU-Dev/firmware/lib/L1_FreeRTOS/src/tasks.o
                0x00000000000113c4                vTaskSuspendAll
 .text.xTaskGetTickCountFromISR
                0x00000000000113d4        0xc obj//home/znic1967/SJSU-Dev/firmware/lib/L1_FreeRTOS/src/tasks.o
                0x00000000000113d4                xTaskGetTickCountFromISR
 .text.xTaskIncrementTick
                0x00000000000113e0      0x10c obj//home/znic1967/SJSU-Dev/firmware/lib/L1_FreeRTOS/src/tasks.o
                0x00000000000113e0                xTaskIncrementTick
 .text.xTaskResumeAll
                0x00000000000114ec       0xd8 obj//home/znic1967/SJSU-Dev/firmware/lib/L1_FreeRTOS/src/tasks.o
                0x00000000000114ec                xTaskResumeAll
 .text.vTaskDelay
                0x00000000000115c4       0x30 obj//home/znic1967/SJSU-Dev/firmware/lib/L1_FreeRTOS/src/tasks.o
                0x00000000000115c4                vTaskDelay
 .text.vTaskSwitchContext
                0x00000000000115f4       0xb8 obj//home/znic1967/SJSU-Dev/firmware/lib/L1_FreeRTOS/src/tasks.o
                0x00000000000115f4                vTaskSwitchContext
 .text.vTaskPlaceOnEventList
                0x00000000000116ac       0x20 obj//home/znic1967/SJSU-Dev/firmware/lib/L1_FreeRTOS/src/tasks.o
                0x00000000000116ac                vTaskPlaceOnEventList
 .text.xTaskRemoveFromEventList
                0x00000000000116cc       0x70 obj//home/znic1967/SJSU-Dev/firmware/lib/L1_FreeRTOS/src/tasks.o
                0x00000000000116cc                xTaskRemoveFromEventList
 .text.vTaskSetTimeOutState
                0x000000000001173c       0x18 obj//home/znic1967/SJSU-Dev/firmware/lib/L1_FreeRTOS/src/tasks.o
                0x000000000001173c                vTaskSetTimeOutState
 .text.xTaskCheckForTimeOut
                0x0000000000011754       0x4c obj//home/znic1967/SJSU-Dev/firmware/lib/L1_FreeRTOS/src/tasks.o
                0x0000000000011754                xTaskCheckForTimeOut
 .text.vTaskMissedYield
                0x00000000000117a0        0xc obj//home/znic1967/SJSU-Dev/firmware/lib/L1_FreeRTOS/src/tasks.o
                0x00000000000117a0                vTaskMissedYield
 .text.xTaskGetSchedulerState
                0x00000000000117ac       0x20 obj//home/znic1967/SJSU-Dev/firmware/lib/L1_FreeRTOS/src/tasks.o
                0x00000000000117ac                xTaskGetSchedulerState
 .text.vTaskPriorityInherit
                0x00000000000117cc       0x90 obj//home/znic1967/SJSU-Dev/firmware/lib/L1_FreeRTOS/src/tasks.o
                0x00000000000117cc                vTaskPriorityInherit
 .text.xTaskPriorityDisinherit
                0x000000000001185c       0x70 obj//home/znic1967/SJSU-Dev/firmware/lib/L1_FreeRTOS/src/tasks.o
                0x000000000001185c                xTaskPriorityDisinherit
 .text.pvTaskIncrementMutexHeldCount
                0x00000000000118cc       0x18 obj//home/znic1967/SJSU-Dev/firmware/lib/L1_FreeRTOS/src/tasks.o
                0x00000000000118cc                pvTaskIncrementMutexHeldCount
 .text.vRunTimeStatIsrEntry
                0x00000000000118e4       0x28 obj//home/znic1967/SJSU-Dev/firmware/lib/L1_FreeRTOS/src/tasks.o
                0x00000000000118e4                vRunTimeStatIsrEntry
 .text.vRunTimeStatIsrExit
                0x000000000001190c       0x10 obj//home/znic1967/SJSU-Dev/firmware/lib/L1_FreeRTOS/src/tasks.o
                0x000000000001190c                vRunTimeStatIsrExit
 .text._ZN7CharDev5flushEv
                0x000000000001191c        0x4 obj//home/znic1967/SJSU-Dev/firmware/lib/L2_Drivers/base/char_dev.o
                0x000000000001191c                CharDev::flush()
 .text._ZN7CharDevC2Ev
                0x0000000000011920       0x20 obj//home/znic1967/SJSU-Dev/firmware/lib/L2_Drivers/base/char_dev.o
                0x0000000000011920                CharDev::CharDev()
                0x0000000000011920                CharDev::CharDev()
 .text._ZN7CharDevD2Ev
                0x0000000000011940       0x18 obj//home/znic1967/SJSU-Dev/firmware/lib/L2_Drivers/base/char_dev.o
                0x0000000000011940                CharDev::~CharDev()
                0x0000000000011940                CharDev::~CharDev()
 .text._ZN8I2C_Base8transferEhPhmS0_m
                0x0000000000011958      0x108 obj//home/znic1967/SJSU-Dev/firmware/lib/L2_Drivers/base/i2c_base.o
                0x0000000000011958                I2C_Base::transfer(unsigned char, unsigned char*, unsigned long, unsigned char*, unsigned long)
 .text._ZN8I2C_Base21writeRegisterThenReadEhPhmS0_m
                0x0000000000011a60        0xc obj//home/znic1967/SJSU-Dev/firmware/lib/L2_Drivers/base/i2c_base.o
                0x0000000000011a60                I2C_Base::writeRegisterThenRead(unsigned char, unsigned char*, unsigned long, unsigned char*, unsigned long)
 .text._ZN8I2C_Base7readRegEhh
                0x0000000000011a6c       0x28 obj//home/znic1967/SJSU-Dev/firmware/lib/L2_Drivers/base/i2c_base.o
                0x0000000000011a6c                I2C_Base::readReg(unsigned char, unsigned char)
 .text._ZN8I2C_Base13readRegistersEhhPhm
                0x0000000000011a94       0x1a obj//home/znic1967/SJSU-Dev/firmware/lib/L2_Drivers/base/i2c_base.o
                0x0000000000011a94                I2C_Base::readRegisters(unsigned char, unsigned char, unsigned char*, unsigned long)
 .text._ZN8I2C_Base14writeRegistersEhPhm
                0x0000000000011aae       0x14 obj//home/znic1967/SJSU-Dev/firmware/lib/L2_Drivers/base/i2c_base.o
                0x0000000000011aae                I2C_Base::writeRegisters(unsigned char, unsigned char*, unsigned long)
 .text._ZN8I2C_Base8writeRegEhhh
                0x0000000000011ac2       0x18 obj//home/znic1967/SJSU-Dev/firmware/lib/L2_Drivers/base/i2c_base.o
                0x0000000000011ac2                I2C_Base::writeReg(unsigned char, unsigned char, unsigned char)
 .text._ZN8I2C_Base13readRegistersEhPhm
                0x0000000000011ada       0x18 obj//home/znic1967/SJSU-Dev/firmware/lib/L2_Drivers/base/i2c_base.o
                0x0000000000011ada                I2C_Base::readRegisters(unsigned char, unsigned char*, unsigned long)
 .text._ZN8I2C_Base19checkDeviceResponseEh
                0x0000000000011af2       0x14 obj//home/znic1967/SJSU-Dev/firmware/lib/L2_Drivers/base/i2c_base.o
                0x0000000000011af2                I2C_Base::checkDeviceResponse(unsigned char)
 *fill*         0x0000000000011b06        0x2 ff
 .text._ZN8I2C_BaseC2EP15LPC_I2C_TypeDef
                0x0000000000011b08       0x5c obj//home/znic1967/SJSU-Dev/firmware/lib/L2_Drivers/base/i2c_base.o
                0x0000000000011b08                I2C_Base::I2C_Base(LPC_I2C_TypeDef*)
                0x0000000000011b08                I2C_Base::I2C_Base(LPC_I2C_TypeDef*)
 .text._ZN8I2C_Base4initEmm
                0x0000000000011b64       0x94 obj//home/znic1967/SJSU-Dev/firmware/lib/L2_Drivers/base/i2c_base.o
                0x0000000000011b64                I2C_Base::init(unsigned long, unsigned long)
 .text._ZN8I2C_Base7setStopEv
                0x0000000000011bf8       0x28 obj//home/znic1967/SJSU-Dev/firmware/lib/L2_Drivers/base/i2c_base.o
                0x0000000000011bf8                I2C_Base::setStop()
 .text._ZN8I2C_Base15i2cStateMachineEv
                0x0000000000011c20      0x10a obj//home/znic1967/SJSU-Dev/firmware/lib/L2_Drivers/base/i2c_base.o
                0x0000000000011c20                I2C_Base::i2cStateMachine()
 *fill*         0x0000000000011d2a        0x2 ff
 .text._ZN8I2C_Base15handleInterruptEv
                0x0000000000011d2c       0x38 obj//home/znic1967/SJSU-Dev/firmware/lib/L2_Drivers/base/i2c_base.o
                0x0000000000011d2c                I2C_Base::handleInterrupt()
 .text._ZN7UartDev7putCharEcj
                0x0000000000011d64       0x5c obj//home/znic1967/SJSU-Dev/firmware/lib/L2_Drivers/base/uart_dev.o
                0x0000000000011d64                UartDev::putChar(char, unsigned int)
 .text._ZN7UartDevD2Ev
                0x0000000000011dc0       0x14 obj//home/znic1967/SJSU-Dev/firmware/lib/L2_Drivers/base/uart_dev.o
                0x0000000000011dc0                UartDev::~UartDev()
                0x0000000000011dc0                UartDev::~UartDev()
 .text._ZN7UartDevD0Ev
                0x0000000000011dd4       0x14 obj//home/znic1967/SJSU-Dev/firmware/lib/L2_Drivers/base/uart_dev.o
                0x0000000000011dd4                UartDev::~UartDev()
 .text._ZN7UartDev5flushEv
                0x0000000000011de8       0x20 obj//home/znic1967/SJSU-Dev/firmware/lib/L2_Drivers/base/uart_dev.o
                0x0000000000011de8                UartDev::flush()
 .text._ZN7UartDev7getCharEPcj
                0x0000000000011e08       0x6c obj//home/znic1967/SJSU-Dev/firmware/lib/L2_Drivers/base/uart_dev.o
                0x0000000000011e08                UartDev::getChar(char*, unsigned int)
 .text._ZN7UartDev15handleInterruptEv
                0x0000000000011e74       0xc0 obj//home/znic1967/SJSU-Dev/firmware/lib/L2_Drivers/base/uart_dev.o
                0x0000000000011e74                UartDev::handleInterrupt()
 .text._ZN7UartDevC2EPj
                0x0000000000011f34       0x28 obj//home/znic1967/SJSU-Dev/firmware/lib/L2_Drivers/base/uart_dev.o
                0x0000000000011f34                UartDev::UartDev(unsigned int*)
                0x0000000000011f34                UartDev::UartDev(unsigned int*)
 .text.adc0_start_conversion
                0x0000000000011f5c       0x24 obj//home/znic1967/SJSU-Dev/firmware/lib/L2_Drivers/src/adc.o
 .text.ADC_IRQHandler
                0x0000000000011f80       0x48 obj//home/znic1967/SJSU-Dev/firmware/lib/L2_Drivers/src/adc.o
                0x0000000000011f80                ADC_IRQHandler
 .text.adc0_init
                0x0000000000011fc8       0x74 obj//home/znic1967/SJSU-Dev/firmware/lib/L2_Drivers/src/adc.o
                0x0000000000011fc8                adc0_init
 .text.adc0_get_reading
                0x000000000001203c       0x74 obj//home/znic1967/SJSU-Dev/firmware/lib/L2_Drivers/src/adc.o
                0x000000000001203c                adc0_get_reading
 .text.CAN_tx_now
                0x00000000000120b0       0x32 obj//home/znic1967/SJSU-Dev/firmware/lib/L2_Drivers/src/can.o
 *fill*         0x00000000000120e2        0x2 ff
 .text.CAN_handle_isr
                0x00000000000120e4       0xa4 obj//home/znic1967/SJSU-Dev/firmware/lib/L2_Drivers/src/can.o
 .text.CAN_IRQHandler
                0x0000000000012188       0x28 obj//home/znic1967/SJSU-Dev/firmware/lib/L2_Drivers/src/can.o
                0x0000000000012188                CAN_IRQHandler
 .text.handle_eint_list
                0x00000000000121b0       0x2c obj//home/znic1967/SJSU-Dev/firmware/lib/L2_Drivers/src/eint.o
 .text.eint3_enable.isra.0
                0x00000000000121dc       0x38 obj//home/znic1967/SJSU-Dev/firmware/lib/L2_Drivers/src/eint.o
 .text.EINT3_IRQHandler
                0x0000000000012214       0x80 obj//home/znic1967/SJSU-Dev/firmware/lib/L2_Drivers/src/eint.o
                0x0000000000012214                EINT3_IRQHandler
 .text.eint3_enable_port0
                0x0000000000012294       0x30 obj//home/znic1967/SJSU-Dev/firmware/lib/L2_Drivers/src/eint.o
                0x0000000000012294                eint3_enable_port0
 .text._ZN4I2C24initEj
                0x00000000000122c4       0x6c obj//home/znic1967/SJSU-Dev/firmware/lib/L2_Drivers/src/i2c2.o
                0x00000000000122c4                I2C2::init(unsigned int)
 .text._ZN4I2C2C2Ev
                0x0000000000012330       0x14 obj//home/znic1967/SJSU-Dev/firmware/lib/L2_Drivers/src/i2c2.o
                0x0000000000012330                I2C2::I2C2()
                0x0000000000012330                I2C2::I2C2()
 .text.I2C2_IRQHandler
                0x0000000000012344       0x28 obj//home/znic1967/SJSU-Dev/firmware/lib/L2_Drivers/src/i2c2.o
                0x0000000000012344                I2C2_IRQHandler
 .text.RIT_IRQHandler
                0x000000000001236c       0x1c obj//home/znic1967/SJSU-Dev/firmware/lib/L2_Drivers/src/lpc_rit.o
                0x000000000001236c                RIT_IRQHandler
 .text.lpc_timer_get_struct
                0x0000000000012388       0x20 obj//home/znic1967/SJSU-Dev/firmware/lib/L2_Drivers/src/lpc_timers.o
 .text.lpc_timer_enable
                0x00000000000123a8       0x6c obj//home/znic1967/SJSU-Dev/firmware/lib/L2_Drivers/src/lpc_timers.o
                0x00000000000123a8                lpc_timer_enable
 .text.rtc_gettime
                0x0000000000012414       0x48 obj//home/znic1967/SJSU-Dev/firmware/lib/L2_Drivers/src/rtc.o
                0x0000000000012414                rtc_gettime
 .text.rtc_settime
                0x000000000001245c       0x68 obj//home/znic1967/SJSU-Dev/firmware/lib/L2_Drivers/src/rtc.o
                0x000000000001245c                rtc_settime
 .text.rtc_init
                0x00000000000124c4       0xd0 obj//home/znic1967/SJSU-Dev/firmware/lib/L2_Drivers/src/rtc.o
                0x00000000000124c4                rtc_init
 .text.ssp1_dma_init
                0x0000000000012594       0x1c obj//home/znic1967/SJSU-Dev/firmware/lib/L2_Drivers/src/spi_dma.o
                0x0000000000012594                ssp1_dma_init
 .text.ssp1_dma_transfer_block
                0x00000000000125b0       0xc0 obj//home/znic1967/SJSU-Dev/firmware/lib/L2_Drivers/src/spi_dma.o
                0x00000000000125b0                ssp1_dma_transfer_block
 .text.spi1_lock
                0x0000000000012670       0x30 obj//home/znic1967/SJSU-Dev/firmware/lib/L2_Drivers/src/spi_sem.o
                0x0000000000012670                spi1_lock
 .text.spi1_unlock
                0x00000000000126a0       0x24 obj//home/znic1967/SJSU-Dev/firmware/lib/L2_Drivers/src/spi_sem.o
                0x00000000000126a0                spi1_unlock
 .text._ZN5Uart0D2Ev
                0x00000000000126c4       0x14 obj//home/znic1967/SJSU-Dev/firmware/lib/L2_Drivers/src/uart0.o
                0x00000000000126c4                Uart0::~Uart0()
                0x00000000000126c4                Uart0::~Uart0()
 .text._ZN5Uart0D0Ev
                0x00000000000126d8       0x14 obj//home/znic1967/SJSU-Dev/firmware/lib/L2_Drivers/src/uart0.o
                0x00000000000126d8                Uart0::~Uart0()
 .text._ZN5Uart0C2Ev
                0x00000000000126ec       0x1c obj//home/znic1967/SJSU-Dev/firmware/lib/L2_Drivers/src/uart0.o
                0x00000000000126ec                Uart0::Uart0()
                0x00000000000126ec                Uart0::Uart0()
 .text.UART0_IRQHandler
                0x0000000000012708       0x24 obj//home/znic1967/SJSU-Dev/firmware/lib/L2_Drivers/src/uart0.o
                0x0000000000012708                UART0_IRQHandler
 .text._ZN5Uart2D2Ev
                0x000000000001272c       0x14 obj//home/znic1967/SJSU-Dev/firmware/lib/L2_Drivers/src/uart2.o
                0x000000000001272c                Uart2::~Uart2()
                0x000000000001272c                Uart2::~Uart2()
 .text._ZN5Uart2D0Ev
                0x0000000000012740       0x14 obj//home/znic1967/SJSU-Dev/firmware/lib/L2_Drivers/src/uart2.o
                0x0000000000012740                Uart2::~Uart2()
 .text._ZN5Uart2C2Ev
                0x0000000000012754       0x1c obj//home/znic1967/SJSU-Dev/firmware/lib/L2_Drivers/src/uart2.o
                0x0000000000012754                Uart2::Uart2()
                0x0000000000012754                Uart2::Uart2()
 .text.UART2_IRQHandler
                0x0000000000012770       0x24 obj//home/znic1967/SJSU-Dev/firmware/lib/L2_Drivers/src/uart2.o
                0x0000000000012770                UART2_IRQHandler
 .text._ZN5Uart3D2Ev
                0x0000000000012794       0x14 obj//home/znic1967/SJSU-Dev/firmware/lib/L2_Drivers/src/uart3.o
                0x0000000000012794                Uart3::~Uart3()
                0x0000000000012794                Uart3::~Uart3()
 .text._ZN5Uart3D0Ev
                0x00000000000127a8       0x14 obj//home/znic1967/SJSU-Dev/firmware/lib/L2_Drivers/src/uart3.o
                0x00000000000127a8                Uart3::~Uart3()
 .text._ZN5Uart3C2Ev
                0x00000000000127bc       0x1c obj//home/znic1967/SJSU-Dev/firmware/lib/L2_Drivers/src/uart3.o
                0x00000000000127bc                Uart3::Uart3()
                0x00000000000127bc                Uart3::Uart3()
 .text.UART3_IRQHandler
                0x00000000000127d8       0x24 obj//home/znic1967/SJSU-Dev/firmware/lib/L2_Drivers/src/uart3.o
                0x00000000000127d8                UART3_IRQHandler
 .text.c_list_create
                0x00000000000127fc       0x14 obj//home/znic1967/SJSU-Dev/firmware/lib/L3_Utils/src/c_list.o
                0x00000000000127fc                c_list_create
 .text.c_list_insert_elm_end
                0x0000000000012810       0x38 obj//home/znic1967/SJSU-Dev/firmware/lib/L3_Utils/src/c_list.o
                0x0000000000012810                c_list_insert_elm_end
 .text.c_list_find_elm
                0x0000000000012848       0x2c obj//home/znic1967/SJSU-Dev/firmware/lib/L3_Utils/src/c_list.o
                0x0000000000012848                c_list_find_elm
 .text.c_list_for_each_elm
                0x0000000000012874       0x2a obj//home/znic1967/SJSU-Dev/firmware/lib/L3_Utils/src/c_list.o
                0x0000000000012874                c_list_for_each_elm
 *fill*         0x000000000001289e        0x2 ff
 .text.logger_write_to_file
                0x00000000000128a0       0xb4 obj//home/znic1967/SJSU-Dev/firmware/lib/L3_Utils/src/file_logger.o
 .text.logger_task
                0x0000000000012954       0xd0 obj//home/znic1967/SJSU-Dev/firmware/lib/L3_Utils/src/file_logger.o
 .text.logger_init
                0x0000000000012a24       0xcc obj//home/znic1967/SJSU-Dev/firmware/lib/L3_Utils/src/file_logger.o
                0x0000000000012a24                logger_init
 .text.u0_dbg_put
                0x0000000000012af0       0x1e obj//home/znic1967/SJSU-Dev/firmware/lib/L3_Utils/src/printf_lib.o
                0x0000000000012af0                u0_dbg_put
 .text.u0_dbg_printf
                0x0000000000012b0e       0x3c obj//home/znic1967/SJSU-Dev/firmware/lib/L3_Utils/src/printf_lib.o
                0x0000000000012b0e                u0_dbg_printf
 .text.for_each_recur_alarm_callback
                0x0000000000012b4a       0x24 obj//home/znic1967/SJSU-Dev/firmware/lib/L3_Utils/src/rtc_alarm.o
 .text.for_each_alarm_callback
                0x0000000000012b6e       0x5a obj//home/znic1967/SJSU-Dev/firmware/lib/L3_Utils/src/rtc_alarm.o
 .text.RTC_IRQHandler
                0x0000000000012bc8       0xac obj//home/znic1967/SJSU-Dev/firmware/lib/L3_Utils/src/rtc_alarm.o
                0x0000000000012bc8                RTC_IRQHandler
 .text.delay_us
                0x0000000000012c74       0x1c obj//home/znic1967/SJSU-Dev/firmware/lib/L3_Utils/src/utilities.o
                0x0000000000012c74                delay_us
 .text.is_freertos_running
                0x0000000000012c90        0xe obj//home/znic1967/SJSU-Dev/firmware/lib/L3_Utils/src/utilities.o
                0x0000000000012c90                is_freertos_running
 .text.delay_ms
                0x0000000000012c9e       0x22 obj//home/znic1967/SJSU-Dev/firmware/lib/L3_Utils/src/utilities.o
                0x0000000000012c9e                delay_ms
 .text.tlm_component_find_by_name
                0x0000000000012cc0       0x10 obj//home/znic1967/SJSU-Dev/firmware/lib/L3_Utils/tlm/src/c_tlm_comp.o
 .text.tlm_component_get_by_name
                0x0000000000012cd0       0x24 obj//home/znic1967/SJSU-Dev/firmware/lib/L3_Utils/tlm/src/c_tlm_comp.o
                0x0000000000012cd0                tlm_component_get_by_name
 .text.tlm_component_add
                0x0000000000012cf4       0x6c obj//home/znic1967/SJSU-Dev/firmware/lib/L3_Utils/tlm/src/c_tlm_comp.o
                0x0000000000012cf4                tlm_component_add
 .text.disk_initialize
                0x0000000000012d60       0x26 obj//home/znic1967/SJSU-Dev/firmware/lib/L4_IO/fat/disk/diskio.o
                0x0000000000012d60                disk_initialize
 .text.disk_status
                0x0000000000012d86       0x10 obj//home/znic1967/SJSU-Dev/firmware/lib/L4_IO/fat/disk/diskio.o
                0x0000000000012d86                disk_status
 .text.disk_read
                0x0000000000012d96       0x38 obj//home/znic1967/SJSU-Dev/firmware/lib/L4_IO/fat/disk/diskio.o
                0x0000000000012d96                disk_read
 .text.disk_write
                0x0000000000012dce       0x38 obj//home/znic1967/SJSU-Dev/firmware/lib/L4_IO/fat/disk/diskio.o
                0x0000000000012dce                disk_write
 .text.disk_ioctl
                0x0000000000012e06       0x32 obj//home/znic1967/SJSU-Dev/firmware/lib/L4_IO/fat/disk/diskio.o
                0x0000000000012e06                disk_ioctl
 .text.sys_get_uptime_ms
                0x0000000000012e38       0x12 obj//home/znic1967/SJSU-Dev/firmware/lib/L4_IO/fat/disk/sd.o
 *fill*         0x0000000000012e4a        0x2 ff
 .text.ssp1_set_max_clock
                0x0000000000012e4c       0x30 obj//home/znic1967/SJSU-Dev/firmware/lib/L4_IO/fat/disk/sd.o
 .text.ssp1_exchange_byte
                0x0000000000012e7c       0x14 obj//home/znic1967/SJSU-Dev/firmware/lib/L4_IO/fat/disk/sd.o
 .text.wait_ready
                0x0000000000012e90       0x2e obj//home/znic1967/SJSU-Dev/firmware/lib/L4_IO/fat/disk/sd.o
                0x0000000000012e90                wait_ready
 *fill*         0x0000000000012ebe        0x2 ff
 .text.power_off
                0x0000000000012ec0       0x24 obj//home/znic1967/SJSU-Dev/firmware/lib/L4_IO/fat/disk/sd.o
                0x0000000000012ec0                power_off
 .text.rcvr_datablock
                0x0000000000012ee4       0x8c obj//home/znic1967/SJSU-Dev/firmware/lib/L4_IO/fat/disk/sd.o
                0x0000000000012ee4                rcvr_datablock
 .text.xmit_datablock
                0x0000000000012f70       0x4c obj//home/znic1967/SJSU-Dev/firmware/lib/L4_IO/fat/disk/sd.o
                0x0000000000012f70                xmit_datablock
 .text.send_cmd
                0x0000000000012fbc       0x8c obj//home/znic1967/SJSU-Dev/firmware/lib/L4_IO/fat/disk/sd.o
                0x0000000000012fbc                send_cmd
 .text.sd_update_card_status
                0x0000000000013048       0x24 obj//home/znic1967/SJSU-Dev/firmware/lib/L4_IO/fat/disk/sd.o
                0x0000000000013048                sd_update_card_status
 .text.sd_initialize
                0x000000000001306c      0x16c obj//home/znic1967/SJSU-Dev/firmware/lib/L4_IO/fat/disk/sd.o
                0x000000000001306c                sd_initialize
 .text.sd_status
                0x00000000000131d8       0x10 obj//home/znic1967/SJSU-Dev/firmware/lib/L4_IO/fat/disk/sd.o
                0x00000000000131d8                sd_status
 .text.sd_read  0x00000000000131e8       0x98 obj//home/znic1967/SJSU-Dev/firmware/lib/L4_IO/fat/disk/sd.o
                0x00000000000131e8                sd_read
 .text.sd_write
                0x0000000000013280       0xb4 obj//home/znic1967/SJSU-Dev/firmware/lib/L4_IO/fat/disk/sd.o
                0x0000000000013280                sd_write
 .text.sd_ioctl
                0x0000000000013334      0x21c obj//home/znic1967/SJSU-Dev/firmware/lib/L4_IO/fat/disk/sd.o
                0x0000000000013334                sd_ioctl
 .text._ZL24flash_get_mem_size_bytesv
                0x0000000000013550       0x20 obj//home/znic1967/SJSU-Dev/firmware/lib/L4_IO/fat/disk/spi_flash.o
 .text._ZL37flash_perform_page_io_of_fatfs_sectorPFvPhmmES_m
                0x0000000000013570       0x74 obj//home/znic1967/SJSU-Dev/firmware/lib/L4_IO/fat/disk/spi_flash.o
 .text.ssp1_exchange_data
                0x00000000000135e4       0xac obj//home/znic1967/SJSU-Dev/firmware/lib/L4_IO/fat/disk/spi_flash.o
 .text._ZL18flash_send_op_addr14flash_opcode_tm
                0x0000000000013690       0x26 obj//home/znic1967/SJSU-Dev/firmware/lib/L4_IO/fat/disk/spi_flash.o
 *fill*         0x00000000000136b6        0x2 ff
 .text._ZL15flash_read_pagePhmm
                0x00000000000136b8       0x44 obj//home/znic1967/SJSU-Dev/firmware/lib/L4_IO/fat/disk/spi_flash.o
 .text._ZL20flash_wait_for_readyv
                0x00000000000136fc       0x40 obj//home/znic1967/SJSU-Dev/firmware/lib/L4_IO/fat/disk/spi_flash.o
 .text.flash_initialize
                0x000000000001373c       0x98 obj//home/znic1967/SJSU-Dev/firmware/lib/L4_IO/fat/disk/spi_flash.o
                0x000000000001373c                flash_initialize
 .text.flash_read_sectors
                0x00000000000137d4       0x50 obj//home/znic1967/SJSU-Dev/firmware/lib/L4_IO/fat/disk/spi_flash.o
                0x00000000000137d4                flash_read_sectors
 .text.flash_write_sectors
                0x0000000000013824       0x4c obj//home/znic1967/SJSU-Dev/firmware/lib/L4_IO/fat/disk/spi_flash.o
                0x0000000000013824                flash_write_sectors
 .text.flash_ioctl
                0x0000000000013870       0x36 obj//home/znic1967/SJSU-Dev/firmware/lib/L4_IO/fat/disk/spi_flash.o
                0x0000000000013870                flash_ioctl
 *fill*         0x00000000000138a6        0x2 ff
 .text.flash_write_permanent_id
                0x00000000000138a8       0x44 obj//home/znic1967/SJSU-Dev/firmware/lib/L4_IO/fat/disk/spi_flash.o
                0x00000000000138a8                flash_write_permanent_id
 .text.flash_read_permanent_id
                0x00000000000138ec       0x28 obj//home/znic1967/SJSU-Dev/firmware/lib/L4_IO/fat/disk/spi_flash.o
                0x00000000000138ec                flash_read_permanent_id
 .text.flash_get_page_count
                0x0000000000013914       0x20 obj//home/znic1967/SJSU-Dev/firmware/lib/L4_IO/fat/disk/spi_flash.o
                0x0000000000013914                flash_get_page_count
 .text.flash_get_page_size
                0x0000000000013934        0xc obj//home/znic1967/SJSU-Dev/firmware/lib/L4_IO/fat/disk/spi_flash.o
                0x0000000000013934                flash_get_page_size
 .text.flash_supports_metadata
                0x0000000000013940       0x10 obj//home/znic1967/SJSU-Dev/firmware/lib/L4_IO/fat/disk/spi_flash.o
                0x0000000000013940                flash_supports_metadata
 .text._ZL16flash_write_pagePhmm
                0x0000000000013950       0x8c obj//home/znic1967/SJSU-Dev/firmware/lib/L4_IO/fat/disk/spi_flash.o
 .text.flash_chip_erase
                0x00000000000139dc       0x2c obj//home/znic1967/SJSU-Dev/firmware/lib/L4_IO/fat/disk/spi_flash.o
                0x00000000000139dc                flash_chip_erase
 .text.get_fattime
                0x0000000000013a08       0x52 obj//home/znic1967/SJSU-Dev/firmware/lib/L4_IO/fat/fatfs_time.o
                0x0000000000013a08                get_fattime
 .text.mem_cpy  0x0000000000013a5a       0x38 obj//home/znic1967/SJSU-Dev/firmware/lib/L4_IO/fat/ff.o
 .text.mem_set  0x0000000000013a92        0xe obj//home/znic1967/SJSU-Dev/firmware/lib/L4_IO/fat/ff.o
 .text.sum_sfn  0x0000000000013aa0       0x1e obj//home/znic1967/SJSU-Dev/firmware/lib/L4_IO/fat/ff.o
 .text.get_ldnumber
                0x0000000000013abe       0x3a obj//home/znic1967/SJSU-Dev/firmware/lib/L4_IO/fat/ff.o
 .text.sync_window.part.1
                0x0000000000013af8       0x46 obj//home/znic1967/SJSU-Dev/firmware/lib/L4_IO/fat/ff.o
 .text.sync_window
                0x0000000000013b3e        0xc obj//home/znic1967/SJSU-Dev/firmware/lib/L4_IO/fat/ff.o
 *fill*         0x0000000000013b4a        0x2 ff
 .text.sync_fs  0x0000000000013b4c       0x74 obj//home/znic1967/SJSU-Dev/firmware/lib/L4_IO/fat/ff.o
 .text.move_window
                0x0000000000013bc0       0x34 obj//home/znic1967/SJSU-Dev/firmware/lib/L4_IO/fat/ff.o
 .text.check_fs
                0x0000000000013bf4       0x4c obj//home/znic1967/SJSU-Dev/firmware/lib/L4_IO/fat/ff.o
 .text.find_volume
                0x0000000000013c40      0x21c obj//home/znic1967/SJSU-Dev/firmware/lib/L4_IO/fat/ff.o
 .text.validate
                0x0000000000013e5c       0x3a obj//home/znic1967/SJSU-Dev/firmware/lib/L4_IO/fat/ff.o
 .text.unlock_fs
                0x0000000000013e96       0x1a obj//home/znic1967/SJSU-Dev/firmware/lib/L4_IO/fat/ff.o
 .text.clust2sect
                0x0000000000013eb0       0x16 obj//home/znic1967/SJSU-Dev/firmware/lib/L4_IO/fat/ff.o
                0x0000000000013eb0                clust2sect
 .text.get_fat  0x0000000000013ec6       0xa6 obj//home/znic1967/SJSU-Dev/firmware/lib/L4_IO/fat/ff.o
                0x0000000000013ec6                get_fat
 .text.dir_sdi  0x0000000000013f6c       0x80 obj//home/znic1967/SJSU-Dev/firmware/lib/L4_IO/fat/ff.o
 .text.put_fat  0x0000000000013fec       0xd2 obj//home/znic1967/SJSU-Dev/firmware/lib/L4_IO/fat/ff.o
                0x0000000000013fec                put_fat
 .text.create_chain
                0x00000000000140be       0xa0 obj//home/znic1967/SJSU-Dev/firmware/lib/L4_IO/fat/ff.o
 .text.dir_next
                0x000000000001415e       0xec obj//home/znic1967/SJSU-Dev/firmware/lib/L4_IO/fat/ff.o
 *fill*         0x000000000001424a        0x2 ff
 .text.dir_find.part.9
                0x000000000001424c      0x120 obj//home/znic1967/SJSU-Dev/firmware/lib/L4_IO/fat/ff.o
 .text.follow_path
                0x000000000001436c      0x270 obj//home/znic1967/SJSU-Dev/firmware/lib/L4_IO/fat/ff.o
 .text.dir_register
                0x00000000000145dc      0x238 obj//home/znic1967/SJSU-Dev/firmware/lib/L4_IO/fat/ff.o
 .text.remove_chain
                0x0000000000014814       0x58 obj//home/znic1967/SJSU-Dev/firmware/lib/L4_IO/fat/ff.o
 .text.f_mount  0x000000000001486c       0x7c obj//home/znic1967/SJSU-Dev/firmware/lib/L4_IO/fat/ff.o
                0x000000000001486c                f_mount
 .text.f_open   0x00000000000148e8      0x12e obj//home/znic1967/SJSU-Dev/firmware/lib/L4_IO/fat/ff.o
                0x00000000000148e8                f_open
 .text.f_read   0x0000000000014a16      0x170 obj//home/znic1967/SJSU-Dev/firmware/lib/L4_IO/fat/ff.o
                0x0000000000014a16                f_read
 .text.f_write  0x0000000000014b86      0x1ac obj//home/znic1967/SJSU-Dev/firmware/lib/L4_IO/fat/ff.o
                0x0000000000014b86                f_write
 .text.f_sync   0x0000000000014d32       0x8a obj//home/znic1967/SJSU-Dev/firmware/lib/L4_IO/fat/ff.o
                0x0000000000014d32                f_sync
 .text.f_close  0x0000000000014dbc       0x24 obj//home/znic1967/SJSU-Dev/firmware/lib/L4_IO/fat/ff.o
                0x0000000000014dbc                f_close
 .text.f_lseek  0x0000000000014de0      0x14e obj//home/znic1967/SJSU-Dev/firmware/lib/L4_IO/fat/ff.o
                0x0000000000014de0                f_lseek
 .text.f_getfree
                0x0000000000014f2e       0xc8 obj//home/znic1967/SJSU-Dev/firmware/lib/L4_IO/fat/ff.o
                0x0000000000014f2e                f_getfree
 *fill*         0x0000000000014ff6        0x2 ff
 .text.f_mkfs   0x0000000000014ff8      0x4f4 obj//home/znic1967/SJSU-Dev/firmware/lib/L4_IO/fat/ff.o
                0x0000000000014ff8                f_mkfs
 .text.ff_convert
                0x00000000000154ec       0x3c obj//home/znic1967/SJSU-Dev/firmware/lib/L4_IO/fat/option/ccsbcs.o
                0x00000000000154ec                ff_convert
 .text.ff_wtoupper
                0x0000000000015528       0x24 obj//home/znic1967/SJSU-Dev/firmware/lib/L4_IO/fat/option/ccsbcs.o
                0x0000000000015528                ff_wtoupper
 .text.ff_cre_syncobj
                0x000000000001554c       0x14 obj//home/znic1967/SJSU-Dev/firmware/lib/L4_IO/fat/option/reentrant.o
                0x000000000001554c                ff_cre_syncobj
 .text.ff_del_syncobj
                0x0000000000015560        0x4 obj//home/znic1967/SJSU-Dev/firmware/lib/L4_IO/fat/option/reentrant.o
                0x0000000000015560                ff_del_syncobj
 .text.ff_req_grant
                0x0000000000015564       0x26 obj//home/znic1967/SJSU-Dev/firmware/lib/L4_IO/fat/option/reentrant.o
                0x0000000000015564                ff_req_grant
 .text.ff_rel_grant
                0x000000000001558a       0x1e obj//home/znic1967/SJSU-Dev/firmware/lib/L4_IO/fat/option/reentrant.o
                0x000000000001558a                ff_rel_grant
 .text._ZN11i2c2_device8writeRegEhh
                0x00000000000155a8        0xc obj//home/znic1967/SJSU-Dev/firmware/lib/L4_IO/src/io_source.o
                0x00000000000155a8                i2c2_device::writeReg(unsigned char, unsigned char)
 .text._ZN11i2c2_device16get16BitRegisterEh
                0x00000000000155b4       0x2a obj//home/znic1967/SJSU-Dev/firmware/lib/L4_IO/src/io_source.o
                0x00000000000155b4                i2c2_device::get16BitRegister(unsigned char)
 .text._ZN19Acceleration_Sensor4initEv
                0x00000000000155de       0x20 obj//home/znic1967/SJSU-Dev/firmware/lib/L4_IO/src/io_source.o
                0x00000000000155de                Acceleration_Sensor::init()
 *fill*         0x00000000000155fe        0x2 ff
 .text._ZN9IR_Sensor11storeIrCodeEm
                0x0000000000015600       0x1c obj//home/znic1967/SJSU-Dev/firmware/lib/L4_IO/src/io_source.o
                0x0000000000015600                IR_Sensor::storeIrCode(unsigned long)
 .text._ZN9IR_Sensor12decodeIrCodeEv
                0x000000000001561c       0x64 obj//home/znic1967/SJSU-Dev/firmware/lib/L4_IO/src/io_source.o
                0x000000000001561c                IR_Sensor::decodeIrCode()
 .text._ZN9IR_Sensor4initEv
                0x0000000000015680       0x34 obj//home/znic1967/SJSU-Dev/firmware/lib/L4_IO/src/io_source.o
                0x0000000000015680                IR_Sensor::init()
 .text._ZN11LED_Display12setLeftDigitEc
                0x00000000000156b4       0x18 obj//home/znic1967/SJSU-Dev/firmware/lib/L4_IO/src/io_source.o
                0x00000000000156b4                LED_Display::setLeftDigit(char)
 .text._ZN11LED_Display13setRightDigitEc
                0x00000000000156cc       0x18 obj//home/znic1967/SJSU-Dev/firmware/lib/L4_IO/src/io_source.o
                0x00000000000156cc                LED_Display::setRightDigit(char)
 .text._ZN11LED_Display4initEv
                0x00000000000156e4       0x38 obj//home/znic1967/SJSU-Dev/firmware/lib/L4_IO/src/io_source.o
                0x00000000000156e4                LED_Display::init()
 .text._ZN11LED_Display5clearEv
                0x000000000001571c       0x16 obj//home/znic1967/SJSU-Dev/firmware/lib/L4_IO/src/io_source.o
                0x000000000001571c                LED_Display::clear()
 .text._ZN11LED_Display9setNumberEc
                0x0000000000015732       0x3a obj//home/znic1967/SJSU-Dev/firmware/lib/L4_IO/src/io_source.o
                0x0000000000015732                LED_Display::setNumber(char)
 .text._ZN3LED4initEv
                0x000000000001576c        0x4 obj//home/znic1967/SJSU-Dev/firmware/lib/L4_IO/src/io_source.o
                0x000000000001576c                LED::init()
 .text._ZN3LED6setAllEh
                0x0000000000015770       0x50 obj//home/znic1967/SJSU-Dev/firmware/lib/L4_IO/src/io_source.o
                0x0000000000015770                LED::setAll(unsigned char)
 .text._ZN3LED2onEh
                0x00000000000157c0       0x26 obj//home/znic1967/SJSU-Dev/firmware/lib/L4_IO/src/io_source.o
                0x00000000000157c0                LED::on(unsigned char)
 .text._ZN12Light_Sensor4initEv
                0x00000000000157e6        0x4 obj//home/znic1967/SJSU-Dev/firmware/lib/L4_IO/src/io_source.o
                0x00000000000157e6                Light_Sensor::init()
 .text._ZN12Light_Sensor11getRawValueEv
                0x00000000000157ea        0x6 obj//home/znic1967/SJSU-Dev/firmware/lib/L4_IO/src/io_source.o
                0x00000000000157ea                Light_Sensor::getRawValue()
 .text._ZN8Switches4initEv
                0x00000000000157f0        0x4 obj//home/znic1967/SJSU-Dev/firmware/lib/L4_IO/src/io_source.o
                0x00000000000157f0                Switches::init()
 .text._ZN8Switches15getSwitchValuesEv
                0x00000000000157f4       0x18 obj//home/znic1967/SJSU-Dev/firmware/lib/L4_IO/src/io_source.o
                0x00000000000157f4                Switches::getSwitchValues()
 .text._ZN8Switches9getSwitchEi
                0x000000000001580c       0x18 obj//home/znic1967/SJSU-Dev/firmware/lib/L4_IO/src/io_source.o
                0x000000000001580c                Switches::getSwitch(int)
 .text._ZN8I2C_Temp4initEv
                0x0000000000015824       0x22 obj//home/znic1967/SJSU-Dev/firmware/lib/L4_IO/src/io_source.o
                0x0000000000015824                I2C_Temp::init()
 .text._ZN8I2C_Temp10getCelsiusEv
                0x0000000000015846       0x30 obj//home/znic1967/SJSU-Dev/firmware/lib/L4_IO/src/io_source.o
                0x0000000000015846                I2C_Temp::getCelsius()
 *fill*         0x0000000000015876        0x2 ff
 .text._ZN8I2C_Temp12getFarenheitEv
                0x0000000000015878       0x24 obj//home/znic1967/SJSU-Dev/firmware/lib/L4_IO/src/io_source.o
                0x0000000000015878                I2C_Temp::getFarenheit()
 .text._ZN7Storage4readEPKcPvjj
                0x000000000001589c       0x44 obj//home/znic1967/SJSU-Dev/firmware/lib/L4_IO/src/storage.o
                0x000000000001589c                Storage::read(char const*, void*, unsigned int, unsigned int)
 .text.mesh_incr_soft_timers_for_arr
                0x00000000000158e0       0x26 obj//home/znic1967/SJSU-Dev/firmware/lib/L4_IO/wireless/src/mesh.o
 *fill*         0x0000000000015906        0x2 ff
 .text.mesh_update_soft_timers
                0x0000000000015908       0x4c obj//home/znic1967/SJSU-Dev/firmware/lib/L4_IO/wireless/src/mesh.o
 .text.mesh_send_packet
                0x0000000000015954       0x3c obj//home/znic1967/SJSU-Dev/firmware/lib/L4_IO/wireless/src/mesh.o
 .text.mesh_send_retry_packet
                0x0000000000015990       0x34 obj//home/znic1967/SJSU-Dev/firmware/lib/L4_IO/wireless/src/mesh.o
 .text.mesh_find_rte_tbl_entry
                0x00000000000159c4       0x24 obj//home/znic1967/SJSU-Dev/firmware/lib/L4_IO/wireless/src/mesh.o
 .text.mesh_update_rte_scores
                0x00000000000159e8       0x28 obj//home/znic1967/SJSU-Dev/firmware/lib/L4_IO/wireless/src/mesh.o
 .text.mesh_get_pnd_pkt_slot
                0x0000000000015a10       0x40 obj//home/znic1967/SJSU-Dev/firmware/lib/L4_IO/wireless/src/mesh.o
 .text.mesh_pending_packets_add
                0x0000000000015a50       0x90 obj//home/znic1967/SJSU-Dev/firmware/lib/L4_IO/wireless/src/mesh.o
 .text.mesh_get_rte_to_modify
                0x0000000000015ae0       0x58 obj//home/znic1967/SJSU-Dev/firmware/lib/L4_IO/wireless/src/mesh.o
 .text.mesh_handle_pnd_pkts_for_arr
                0x0000000000015b38      0x178 obj//home/znic1967/SJSU-Dev/firmware/lib/L4_IO/wireless/src/mesh.o
 .text.mesh_set_node_address
                0x0000000000015cb0       0x18 obj//home/znic1967/SJSU-Dev/firmware/lib/L4_IO/wireless/src/mesh.o
                0x0000000000015cb0                mesh_set_node_address
 .text.mesh_get_node_address
                0x0000000000015cc8        0xc obj//home/znic1967/SJSU-Dev/firmware/lib/L4_IO/wireless/src/mesh.o
                0x0000000000015cc8                mesh_get_node_address
 .text.mesh_form_pkt
                0x0000000000015cd4       0xf8 obj//home/znic1967/SJSU-Dev/firmware/lib/L4_IO/wireless/src/mesh.o
                0x0000000000015cd4                mesh_form_pkt
 .text.mesh_send_formed_pkt
                0x0000000000015dcc       0x58 obj//home/znic1967/SJSU-Dev/firmware/lib/L4_IO/wireless/src/mesh.o
                0x0000000000015dcc                mesh_send_formed_pkt
 .text.mesh_init
                0x0000000000015e24      0x100 obj//home/znic1967/SJSU-Dev/firmware/lib/L4_IO/wireless/src/mesh.o
                0x0000000000015e24                mesh_init
 .text.mesh_send
                0x0000000000015f24       0x3e obj//home/znic1967/SJSU-Dev/firmware/lib/L4_IO/wireless/src/mesh.o
                0x0000000000015f24                mesh_send
 .text.mesh_send_ack
                0x0000000000015f62       0x1a obj//home/znic1967/SJSU-Dev/firmware/lib/L4_IO/wireless/src/mesh.o
 .text.mesh_get_num_routing_entries
                0x0000000000015f7c       0x1c obj//home/znic1967/SJSU-Dev/firmware/lib/L4_IO/wireless/src/mesh.o
                0x0000000000015f7c                mesh_get_num_routing_entries
 .text.mesh_service
                0x0000000000015f98      0x2d0 obj//home/znic1967/SJSU-Dev/firmware/lib/L4_IO/wireless/src/mesh.o
                0x0000000000015f98                mesh_service
 .text.mesh_get_pnd_pkt_count
                0x0000000000016268       0x34 obj//home/znic1967/SJSU-Dev/firmware/lib/L4_IO/wireless/src/mesh.o
                0x0000000000016268                mesh_get_pnd_pkt_count
 .text.nordic_transfer
                0x000000000001629c       0xe8 obj//home/znic1967/SJSU-Dev/firmware/lib/L4_IO/wireless/src/nrf24L01Plus.o
 .text.nordic_readRegister
                0x0000000000016384       0x20 obj//home/znic1967/SJSU-Dev/firmware/lib/L4_IO/wireless/src/nrf24L01Plus.o
 .text.nordic_writeRegister
                0x00000000000163a4       0x1e obj//home/znic1967/SJSU-Dev/firmware/lib/L4_IO/wireless/src/nrf24L01Plus.o
 .text.nordic_is_tx_fifo_empty
                0x00000000000163c2        0xe obj//home/znic1967/SJSU-Dev/firmware/lib/L4_IO/wireless/src/nrf24L01Plus.o
                0x00000000000163c2                nordic_is_tx_fifo_empty
 .text.nordic_clear_all_intr_flags
                0x00000000000163d0        0x8 obj//home/znic1967/SJSU-Dev/firmware/lib/L4_IO/wireless/src/nrf24L01Plus.o
                0x00000000000163d0                nordic_clear_all_intr_flags
 .text.nordic_queue_tx_fifo
                0x00000000000163d8        0xc obj//home/znic1967/SJSU-Dev/firmware/lib/L4_IO/wireless/src/nrf24L01Plus.o
                0x00000000000163d8                nordic_queue_tx_fifo
 .text.nordic_standby1_to_tx_mode1
                0x00000000000163e4       0x16 obj//home/znic1967/SJSU-Dev/firmware/lib/L4_IO/wireless/src/nrf24L01Plus.o
                0x00000000000163e4                nordic_standby1_to_tx_mode1
 *fill*         0x00000000000163fa        0x2 ff
 .text.nordic_rx_to_Stanby1
                0x00000000000163fc       0x10 obj//home/znic1967/SJSU-Dev/firmware/lib/L4_IO/wireless/src/nrf24L01Plus.o
                0x00000000000163fc                nordic_rx_to_Stanby1
 .text.nordic_standby1_to_rx
                0x000000000001640c       0x24 obj//home/znic1967/SJSU-Dev/firmware/lib/L4_IO/wireless/src/nrf24L01Plus.o
                0x000000000001640c                nordic_standby1_to_rx
 .text.nordic_clear_packet_sent_flag
                0x0000000000016430        0x8 obj//home/znic1967/SJSU-Dev/firmware/lib/L4_IO/wireless/src/nrf24L01Plus.o
                0x0000000000016430                nordic_clear_packet_sent_flag
 .text.nordic_flush_tx_fifo
                0x0000000000016438        0xc obj//home/znic1967/SJSU-Dev/firmware/lib/L4_IO/wireless/src/nrf24L01Plus.o
                0x0000000000016438                nordic_flush_tx_fifo
 .text.nordic_mode1_send_single_packet
                0x0000000000016444       0x4c obj//home/znic1967/SJSU-Dev/firmware/lib/L4_IO/wireless/src/nrf24L01Plus.o
                0x0000000000016444                nordic_mode1_send_single_packet
 .text.nordic_is_packet_available
                0x0000000000016490       0x10 obj//home/znic1967/SJSU-Dev/firmware/lib/L4_IO/wireless/src/nrf24L01Plus.o
                0x0000000000016490                nordic_is_packet_available
 .text.nordic_clear_packet_available_flag
                0x00000000000164a0        0x8 obj//home/znic1967/SJSU-Dev/firmware/lib/L4_IO/wireless/src/nrf24L01Plus.o
                0x00000000000164a0                nordic_clear_packet_available_flag
 .text.nordic_read_rx_fifo
                0x00000000000164a8       0x14 obj//home/znic1967/SJSU-Dev/firmware/lib/L4_IO/wireless/src/nrf24L01Plus.o
                0x00000000000164a8                nordic_read_rx_fifo
 .text.nordic_flush_rx_fifo
                0x00000000000164bc        0xc obj//home/znic1967/SJSU-Dev/firmware/lib/L4_IO/wireless/src/nrf24L01Plus.o
                0x00000000000164bc                nordic_flush_rx_fifo
 .text.nordic_set_intr_signals
                0x00000000000164c8       0x3e obj//home/znic1967/SJSU-Dev/firmware/lib/L4_IO/wireless/src/nrf24L01Plus.o
                0x00000000000164c8                nordic_set_intr_signals
 .text.nordic_set_crc
                0x0000000000016506       0x38 obj//home/znic1967/SJSU-Dev/firmware/lib/L4_IO/wireless/src/nrf24L01Plus.o
                0x0000000000016506                nordic_set_crc
 .text.nordic_power_up
                0x000000000001653e       0x18 obj//home/znic1967/SJSU-Dev/firmware/lib/L4_IO/wireless/src/nrf24L01Plus.o
                0x000000000001653e                nordic_power_up
 .text.nordic_power_down
                0x0000000000016556       0x16 obj//home/znic1967/SJSU-Dev/firmware/lib/L4_IO/wireless/src/nrf24L01Plus.o
                0x0000000000016556                nordic_power_down
 .text.nordic_set_channel
                0x000000000001656c       0x24 obj//home/znic1967/SJSU-Dev/firmware/lib/L4_IO/wireless/src/nrf24L01Plus.o
                0x000000000001656c                nordic_set_channel
 .text.nordic_set_air_data_rate
                0x0000000000016590       0x2c obj//home/znic1967/SJSU-Dev/firmware/lib/L4_IO/wireless/src/nrf24L01Plus.o
                0x0000000000016590                nordic_set_air_data_rate
 .text.nordic_set_power_level
                0x00000000000165bc       0x24 obj//home/znic1967/SJSU-Dev/firmware/lib/L4_IO/wireless/src/nrf24L01Plus.o
                0x00000000000165bc                nordic_set_power_level
 .text.nordic_set_auto_transmit_options
                0x00000000000165e0       0x2c obj//home/znic1967/SJSU-Dev/firmware/lib/L4_IO/wireless/src/nrf24L01Plus.o
                0x00000000000165e0                nordic_set_auto_transmit_options
 .text.nordic_set_payload_for_pipe
                0x000000000001660c       0x14 obj//home/znic1967/SJSU-Dev/firmware/lib/L4_IO/wireless/src/nrf24L01Plus.o
                0x000000000001660c                nordic_set_payload_for_pipe
 .text.nordic_set_addr_width
                0x0000000000016620       0x16 obj//home/znic1967/SJSU-Dev/firmware/lib/L4_IO/wireless/src/nrf24L01Plus.o
                0x0000000000016620                nordic_set_addr_width
 .text.nordic_set_tx_address
                0x0000000000016636        0xc obj//home/znic1967/SJSU-Dev/firmware/lib/L4_IO/wireless/src/nrf24L01Plus.o
                0x0000000000016636                nordic_set_tx_address
 .text.nordic_set_rx_pipe0_addr
                0x0000000000016642        0xc obj//home/znic1967/SJSU-Dev/firmware/lib/L4_IO/wireless/src/nrf24L01Plus.o
                0x0000000000016642                nordic_set_rx_pipe0_addr
 *fill*         0x000000000001664e        0x2 ff
 .text.nordic_init
                0x0000000000016650       0xc8 obj//home/znic1967/SJSU-Dev/firmware/lib/L4_IO/wireless/src/nrf24L01Plus.o
                0x0000000000016650                nordic_init
 .text.nrf_driver_init
                0x0000000000016718       0x70 obj//home/znic1967/SJSU-Dev/firmware/lib/L4_IO/wireless/src/wireless.o
 .text.nrf_driver_app_recv
                0x0000000000016788       0x50 obj//home/znic1967/SJSU-Dev/firmware/lib/L4_IO/wireless/src/wireless.o
 .text.nrf_driver_send
                0x00000000000167d8       0x58 obj//home/znic1967/SJSU-Dev/firmware/lib/L4_IO/wireless/src/wireless.o
 .text.nrf_irq_callback
                0x0000000000016830       0x34 obj//home/znic1967/SJSU-Dev/firmware/lib/L4_IO/wireless/src/wireless.o
 .text.nrf_driver_receive
                0x0000000000016864       0x22 obj//home/znic1967/SJSU-Dev/firmware/lib/L4_IO/wireless/src/wireless.o
 .text.nrf_driver_get_timer
                0x0000000000016886       0x28 obj//home/znic1967/SJSU-Dev/firmware/lib/L4_IO/wireless/src/wireless.o
 *fill*         0x00000000000168ae        0x2 ff
 .text.wireless_init
                0x00000000000168b0       0x4c obj//home/znic1967/SJSU-Dev/firmware/lib/L4_IO/wireless/src/wireless.o
                0x00000000000168b0                wireless_init
 .text.wireless_service
                0x00000000000168fc       0x4c obj//home/znic1967/SJSU-Dev/firmware/lib/L4_IO/wireless/src/wireless.o
                0x00000000000168fc                wireless_service
 .text._ZN17SingletonTemplateI4I2C2E11getInstanceEv
                0x0000000000016948       0x20 obj//home/znic1967/SJSU-Dev/firmware/lib/L5_HighLevel/examples/examples.o
                0x0000000000016948                SingletonTemplate<I2C2>::getInstance()
 .text._ZN17SingletonTemplateI17TemperatureSensorE11getInstanceEv
                0x0000000000016968       0x28 obj//home/znic1967/SJSU-Dev/firmware/lib/L5_HighLevel/examples/examples.o
                0x0000000000016968                SingletonTemplate<TemperatureSensor>::getInstance()
 .text._ZN17SingletonTemplateI11LED_DisplayE11getInstanceEv
                0x0000000000016990       0x24 obj//home/znic1967/SJSU-Dev/firmware/lib/L5_HighLevel/examples/examples.o
                0x0000000000016990                SingletonTemplate<LED_Display>::getInstance()
 .text._ZN17SingletonTemplateI12Light_SensorE11getInstanceEv
                0x00000000000169b4       0x18 obj//home/znic1967/SJSU-Dev/firmware/lib/L5_HighLevel/examples/examples.o
                0x00000000000169b4                SingletonTemplate<Light_Sensor>::getInstance()
 .text._ZN17SingletonTemplateI3LEDE11getInstanceEv
                0x00000000000169cc       0x1c obj//home/znic1967/SJSU-Dev/firmware/lib/L5_HighLevel/examples/examples.o
                0x00000000000169cc                SingletonTemplate<LED>::getInstance()
 .text._ZN7Storage13getFlashDriveEv
                0x00000000000169e8       0x4c obj//home/znic1967/SJSU-Dev/firmware/lib/L5_HighLevel/source/cmd_handlers/handlers.o
                0x00000000000169e8                Storage::getFlashDrive()
 .text._ZL13hl_print_linev
                0x0000000000016a34        0xc obj//home/znic1967/SJSU-Dev/firmware/lib/L5_HighLevel/source/high_level_init.o
 .text.ssp_set_max_clock
                0x0000000000016a40       0x2c obj//home/znic1967/SJSU-Dev/firmware/lib/L5_HighLevel/source/high_level_init.o
 .text._ZL16hl_mount_storageR16FileSystemObjectPKc
                0x0000000000016a6c       0x90 obj//home/znic1967/SJSU-Dev/firmware/lib/L5_HighLevel/source/high_level_init.o
 .text._ZN17SingletonTemplateI8SwitchesE11getInstanceEv
                0x0000000000016afc       0x18 obj//home/znic1967/SJSU-Dev/firmware/lib/L5_HighLevel/source/high_level_init.o
                0x0000000000016afc                SingletonTemplate<Switches>::getInstance()
 .text._Z15high_level_initv
                0x0000000000016b14      0x560 obj//home/znic1967/SJSU-Dev/firmware/lib/L5_HighLevel/source/high_level_init.o
                0x0000000000016b14                high_level_init()
 .text.__malloc_lock
                0x0000000000017074        0x4 obj//home/znic1967/SJSU-Dev/firmware/lib/newlib/malloc_lock.o
                0x0000000000017074                __malloc_lock
 .text.__malloc_unlock
                0x0000000000017078        0x4 obj//home/znic1967/SJSU-Dev/firmware/lib/newlib/malloc_lock.o
                0x0000000000017078                __malloc_unlock
 .text._sbrk    0x000000000001707c       0x6c obj//home/znic1967/SJSU-Dev/firmware/lib/newlib/memory.o
                0x000000000001707c                _sbrk
 .text._Znwj    0x00000000000170e8        0x4 obj//home/znic1967/SJSU-Dev/firmware/lib/newlib/memory.o
                0x00000000000170e8                operator new(unsigned int)
 .text._ZdlPv   0x00000000000170ec        0x4 obj//home/znic1967/SJSU-Dev/firmware/lib/newlib/memory.o
                0x00000000000170ec                operator delete(void*)
 .text.sys_get_mem_info
                0x00000000000170f0       0xb4 obj//home/znic1967/SJSU-Dev/firmware/lib/newlib/memory.o
                0x00000000000170f0                sys_get_mem_info
 .text.remap_fatfs_errors
                0x00000000000171a4       0x56 obj//home/znic1967/SJSU-Dev/firmware/lib/newlib/newlib_syscalls.o
 *fill*         0x00000000000171fa        0x2 ff
 .text.findslot
                0x00000000000171fc       0x4c obj//home/znic1967/SJSU-Dev/firmware/lib/newlib/newlib_syscalls.o
 .text.remap_handle
                0x0000000000017248       0x28 obj//home/znic1967/SJSU-Dev/firmware/lib/newlib/newlib_syscalls.o
 .text.sys_set_outchar_func
                0x0000000000017270        0xc obj//home/znic1967/SJSU-Dev/firmware/lib/newlib/newlib_syscalls.o
                0x0000000000017270                sys_set_outchar_func
 .text.sys_set_inchar_func
                0x000000000001727c        0xc obj//home/znic1967/SJSU-Dev/firmware/lib/newlib/newlib_syscalls.o
                0x000000000001727c                sys_set_inchar_func
 .text._kill    0x0000000000017288       0x10 obj//home/znic1967/SJSU-Dev/firmware/lib/newlib/newlib_syscalls.o
                0x0000000000017288                _kill
 .text._exit    0x0000000000017298       0x10 obj//home/znic1967/SJSU-Dev/firmware/lib/newlib/newlib_syscalls.o
                0x0000000000017298                _exit
 .text._getpid  0x00000000000172a8        0x4 obj//home/znic1967/SJSU-Dev/firmware/lib/newlib/newlib_syscalls.o
                0x00000000000172a8                _getpid
 .text._init    0x00000000000172ac        0x4 obj//home/znic1967/SJSU-Dev/firmware/lib/newlib/newlib_syscalls.o
                0x00000000000172ac                _init
 .text.syscalls_init
                0x00000000000172b0       0x34 obj//home/znic1967/SJSU-Dev/firmware/lib/newlib/newlib_syscalls.o
                0x00000000000172b0                syscalls_init
 .text._read    0x00000000000172e4       0x9c obj//home/znic1967/SJSU-Dev/firmware/lib/newlib/newlib_syscalls.o
                0x00000000000172e4                _read
 .text._lseek   0x0000000000017380       0x60 obj//home/znic1967/SJSU-Dev/firmware/lib/newlib/newlib_syscalls.o
                0x0000000000017380                _lseek
 .text._write   0x00000000000173e0       0xa4 obj//home/znic1967/SJSU-Dev/firmware/lib/newlib/newlib_syscalls.o
                0x00000000000173e0                _write
 .text._close   0x0000000000017484       0x54 obj//home/znic1967/SJSU-Dev/firmware/lib/newlib/newlib_syscalls.o
                0x0000000000017484                _close
 .text._fstat   0x00000000000174d8       0x10 obj//home/znic1967/SJSU-Dev/firmware/lib/newlib/newlib_syscalls.o
                0x00000000000174d8                _fstat
 .text._isatty  0x00000000000174e8       0x24 obj//home/znic1967/SJSU-Dev/firmware/lib/newlib/newlib_syscalls.o
                0x00000000000174e8                _isatty
 .text._gettimeofday
                0x000000000001750c       0x7a obj//home/znic1967/SJSU-Dev/firmware/lib/newlib/newlib_time.o
                0x000000000001750c                _gettimeofday
 *fill*         0x0000000000017586        0x2 ff
 .text.startup.main
                0x0000000000017588       0xf4 obj/L5_Application/main.o
                0x0000000000017588                main
 .text._ZNK10__cxxabiv117__class_type_info11__do_upcastEPKS0_PPv
                0x000000000001767c       0x34 /home/znic1967/SJSU-Dev/tools/gcc-arm-none-eabi-6-2017-q2-update/bin/../lib/gcc/arm-none-eabi/6.3.1/../../../../arm-none-eabi/lib/thumb/v7-m/libstdc++_nano.a(class_type_info.o)
                0x000000000001767c                __cxxabiv1::__class_type_info::__do_upcast(__cxxabiv1::__class_type_info const*, void**) const
 .text._ZNK10__cxxabiv117__class_type_info20__do_find_public_srcEiPKvPKS0_S2_
                0x00000000000176b0        0xc /home/znic1967/SJSU-Dev/tools/gcc-arm-none-eabi-6-2017-q2-update/bin/../lib/gcc/arm-none-eabi/6.3.1/../../../../arm-none-eabi/lib/thumb/v7-m/libstdc++_nano.a(class_type_info.o)
                0x00000000000176b0                __cxxabiv1::__class_type_info::__do_find_public_src(int, void const*, __cxxabiv1::__class_type_info const*, void const*) const
 .text._ZN10__cxxabiv117__class_type_infoD2Ev
                0x00000000000176bc       0x14 /home/znic1967/SJSU-Dev/tools/gcc-arm-none-eabi-6-2017-q2-update/bin/../lib/gcc/arm-none-eabi/6.3.1/../../../../arm-none-eabi/lib/thumb/v7-m/libstdc++_nano.a(class_type_info.o)
                0x00000000000176bc                __cxxabiv1::__class_type_info::~__class_type_info()
                0x00000000000176bc                __cxxabiv1::__class_type_info::~__class_type_info()
 .text._ZN10__cxxabiv117__class_type_infoD0Ev
                0x00000000000176d0       0x14 /home/znic1967/SJSU-Dev/tools/gcc-arm-none-eabi-6-2017-q2-update/bin/../lib/gcc/arm-none-eabi/6.3.1/../../../../arm-none-eabi/lib/thumb/v7-m/libstdc++_nano.a(class_type_info.o)
                0x00000000000176d0                __cxxabiv1::__class_type_info::~__class_type_info()
 .text._ZNK10__cxxabiv117__class_type_info11__do_upcastEPKS0_PKvRNS0_15__upcast_resultE
                0x00000000000176e4       0x18 /home/znic1967/SJSU-Dev/tools/gcc-arm-none-eabi-6-2017-q2-update/bin/../lib/gcc/arm-none-eabi/6.3.1/../../../../arm-none-eabi/lib/thumb/v7-m/libstdc++_nano.a(class_type_info.o)
                0x00000000000176e4                __cxxabiv1::__class_type_info::__do_upcast(__cxxabiv1::__class_type_info const*, void const*, __cxxabiv1::__class_type_info::__upcast_result&) const
 .text._ZNK10__cxxabiv117__class_type_info10__do_catchEPKSt9type_infoPPvj
                0x00000000000176fc       0x2a /home/znic1967/SJSU-Dev/tools/gcc-arm-none-eabi-6-2017-q2-update/bin/../lib/gcc/arm-none-eabi/6.3.1/../../../../arm-none-eabi/lib/thumb/v7-m/libstdc++_nano.a(class_type_info.o)
                0x00000000000176fc                __cxxabiv1::__class_type_info::__do_catch(std::type_info const*, void**, unsigned int) const
 .text._ZNK10__cxxabiv117__class_type_info12__do_dyncastEiNS0_10__sub_kindEPKS0_PKvS3_S5_RNS0_16__dyncast_resultE
                0x0000000000017726       0x38 /home/znic1967/SJSU-Dev/tools/gcc-arm-none-eabi-6-2017-q2-update/bin/../lib/gcc/arm-none-eabi/6.3.1/../../../../arm-none-eabi/lib/thumb/v7-m/libstdc++_nano.a(class_type_info.o)
                0x0000000000017726                __cxxabiv1::__class_type_info::__do_dyncast(int, __cxxabiv1::__class_type_info::__sub_kind, __cxxabiv1::__class_type_info const*, void const*, __cxxabiv1::__class_type_info const*, void const*, __cxxabiv1::__class_type_info::__dyncast_result&) const
 *fill*         0x000000000001775e        0x2 ff
 .text._ZN10__cxxabiv120__si_class_type_infoD2Ev
                0x0000000000017760       0x14 /home/znic1967/SJSU-Dev/tools/gcc-arm-none-eabi-6-2017-q2-update/bin/../lib/gcc/arm-none-eabi/6.3.1/../../../../arm-none-eabi/lib/thumb/v7-m/libstdc++_nano.a(si_class_type_info.o)
                0x0000000000017760                __cxxabiv1::__si_class_type_info::~__si_class_type_info()
                0x0000000000017760                __cxxabiv1::__si_class_type_info::~__si_class_type_info()
 .text._ZN10__cxxabiv120__si_class_type_infoD0Ev
                0x0000000000017774       0x14 /home/znic1967/SJSU-Dev/tools/gcc-arm-none-eabi-6-2017-q2-update/bin/../lib/gcc/arm-none-eabi/6.3.1/../../../../arm-none-eabi/lib/thumb/v7-m/libstdc++_nano.a(si_class_type_info.o)
                0x0000000000017774                __cxxabiv1::__si_class_type_info::~__si_class_type_info()
 .text._ZNK10__cxxabiv120__si_class_type_info20__do_find_public_srcEiPKvPKNS_17__class_type_infoES2_
                0x0000000000017788       0x38 /home/znic1967/SJSU-Dev/tools/gcc-arm-none-eabi-6-2017-q2-update/bin/../lib/gcc/arm-none-eabi/6.3.1/../../../../arm-none-eabi/lib/thumb/v7-m/libstdc++_nano.a(si_class_type_info.o)
                0x0000000000017788                __cxxabiv1::__si_class_type_info::__do_find_public_src(int, void const*, __cxxabiv1::__class_type_info const*, void const*) const
 .text._ZNK10__cxxabiv120__si_class_type_info12__do_dyncastEiNS_17__class_type_info10__sub_kindEPKS1_PKvS4_S6_RNS1_16__dyncast_resultE
                0x00000000000177c0       0x7c /home/znic1967/SJSU-Dev/tools/gcc-arm-none-eabi-6-2017-q2-update/bin/../lib/gcc/arm-none-eabi/6.3.1/../../../../arm-none-eabi/lib/thumb/v7-m/libstdc++_nano.a(si_class_type_info.o)
                0x00000000000177c0                __cxxabiv1::__si_class_type_info::__do_dyncast(int, __cxxabiv1::__class_type_info::__sub_kind, __cxxabiv1::__class_type_info const*, void const*, __cxxabiv1::__class_type_info const*, void const*, __cxxabiv1::__class_type_info::__dyncast_result&) const
 .text._ZNK10__cxxabiv120__si_class_type_info11__do_upcastEPKNS_17__class_type_infoEPKvRNS1_15__upcast_resultE
                0x000000000001783c       0x2a /home/znic1967/SJSU-Dev/tools/gcc-arm-none-eabi-6-2017-q2-update/bin/../lib/gcc/arm-none-eabi/6.3.1/../../../../arm-none-eabi/lib/thumb/v7-m/libstdc++_nano.a(si_class_type_info.o)
                0x000000000001783c                __cxxabiv1::__si_class_type_info::__do_upcast(__cxxabiv1::__class_type_info const*, void const*, __cxxabiv1::__class_type_info::__upcast_result&) const
 .text._ZdlPvj  0x0000000000017866        0x4 /home/znic1967/SJSU-Dev/tools/gcc-arm-none-eabi-6-2017-q2-update/bin/../lib/gcc/arm-none-eabi/6.3.1/../../../../arm-none-eabi/lib/thumb/v7-m/libstdc++_nano.a(del_ops.o)
                0x0000000000017866                operator delete(void*, unsigned int)
 .text.__cxa_guard_acquire
                0x000000000001786a       0x18 /home/znic1967/SJSU-Dev/tools/gcc-arm-none-eabi-6-2017-q2-update/bin/../lib/gcc/arm-none-eabi/6.3.1/../../../../arm-none-eabi/lib/thumb/v7-m/libstdc++_nano.a(guard.o)
                0x000000000001786a                __cxa_guard_acquire
 .text.__cxa_guard_release
                0x0000000000017882        0x6 /home/znic1967/SJSU-Dev/tools/gcc-arm-none-eabi-6-2017-q2-update/bin/../lib/gcc/arm-none-eabi/6.3.1/../../../../arm-none-eabi/lib/thumb/v7-m/libstdc++_nano.a(guard.o)
                0x0000000000017882                __cxa_guard_release
 .text.__cxa_pure_virtual
                0x0000000000017888        0x6 /home/znic1967/SJSU-Dev/tools/gcc-arm-none-eabi-6-2017-q2-update/bin/../lib/gcc/arm-none-eabi/6.3.1/../../../../arm-none-eabi/lib/thumb/v7-m/libstdc++_nano.a(pure.o)
                0x0000000000017888                __cxa_pure_virtual
 *fill*         0x000000000001788e        0x2 ff
 .text._ZN10__cxxabiv121__vmi_class_type_infoD2Ev
                0x0000000000017890       0x14 /home/znic1967/SJSU-Dev/tools/gcc-arm-none-eabi-6-2017-q2-update/bin/../lib/gcc/arm-none-eabi/6.3.1/../../../../arm-none-eabi/lib/thumb/v7-m/libstdc++_nano.a(vmi_class_type_info.o)
                0x0000000000017890                __cxxabiv1::__vmi_class_type_info::~__vmi_class_type_info()
                0x0000000000017890                __cxxabiv1::__vmi_class_type_info::~__vmi_class_type_info()
 .text._ZN10__cxxabiv121__vmi_class_type_infoD0Ev
                0x00000000000178a4       0x14 /home/znic1967/SJSU-Dev/tools/gcc-arm-none-eabi-6-2017-q2-update/bin/../lib/gcc/arm-none-eabi/6.3.1/../../../../arm-none-eabi/lib/thumb/v7-m/libstdc++_nano.a(vmi_class_type_info.o)
                0x00000000000178a4                __cxxabiv1::__vmi_class_type_info::~__vmi_class_type_info()
 .text._ZNK10__cxxabiv121__vmi_class_type_info20__do_find_public_srcEiPKvPKNS_17__class_type_infoES2_
                0x00000000000178b8       0x74 /home/znic1967/SJSU-Dev/tools/gcc-arm-none-eabi-6-2017-q2-update/bin/../lib/gcc/arm-none-eabi/6.3.1/../../../../arm-none-eabi/lib/thumb/v7-m/libstdc++_nano.a(vmi_class_type_info.o)
                0x00000000000178b8                __cxxabiv1::__vmi_class_type_info::__do_find_public_src(int, void const*, __cxxabiv1::__class_type_info const*, void const*) const
 .text._ZNK10__cxxabiv117__class_type_info17__find_public_srcEiPKvPKS0_S2_
                0x000000000001792c       0x2a /home/znic1967/SJSU-Dev/tools/gcc-arm-none-eabi-6-2017-q2-update/bin/../lib/gcc/arm-none-eabi/6.3.1/../../../../arm-none-eabi/lib/thumb/v7-m/libstdc++_nano.a(vmi_class_type_info.o)
                0x000000000001792c                __cxxabiv1::__class_type_info::__find_public_src(int, void const*, __cxxabiv1::__class_type_info const*, void const*) const
 .text._ZNK10__cxxabiv121__vmi_class_type_info12__do_dyncastEiNS_17__class_type_info10__sub_kindEPKS1_PKvS4_S6_RNS1_16__dyncast_resultE
                0x0000000000017956      0x292 /home/znic1967/SJSU-Dev/tools/gcc-arm-none-eabi-6-2017-q2-update/bin/../lib/gcc/arm-none-eabi/6.3.1/../../../../arm-none-eabi/lib/thumb/v7-m/libstdc++_nano.a(vmi_class_type_info.o)
                0x0000000000017956                __cxxabiv1::__vmi_class_type_info::__do_dyncast(int, __cxxabiv1::__class_type_info::__sub_kind, __cxxabiv1::__class_type_info const*, void const*, __cxxabiv1::__class_type_info const*, void const*, __cxxabiv1::__class_type_info::__dyncast_result&) const
 .text._ZNK10__cxxabiv121__vmi_class_type_info11__do_upcastEPKNS_17__class_type_infoEPKvRNS1_15__upcast_resultE
                0x0000000000017be8      0x12a /home/znic1967/SJSU-Dev/tools/gcc-arm-none-eabi-6-2017-q2-update/bin/../lib/gcc/arm-none-eabi/6.3.1/../../../../arm-none-eabi/lib/thumb/v7-m/libstdc++_nano.a(vmi_class_type_info.o)
                0x0000000000017be8                __cxxabiv1::__vmi_class_type_info::__do_upcast(__cxxabiv1::__class_type_info const*, void const*, __cxxabiv1::__class_type_info::__upcast_result&) const
 .text._ZNSt9type_infoD2Ev
                0x0000000000017d12        0x2 /home/znic1967/SJSU-Dev/tools/gcc-arm-none-eabi-6-2017-q2-update/bin/../lib/gcc/arm-none-eabi/6.3.1/../../../../arm-none-eabi/lib/thumb/v7-m/libstdc++_nano.a(tinfo.o)
                0x0000000000017d12                std::type_info::~type_info()
                0x0000000000017d12                std::type_info::~type_info()
 .text._ZNKSt9type_info15__is_function_pEv
                0x0000000000017d14        0x4 /home/znic1967/SJSU-Dev/tools/gcc-arm-none-eabi-6-2017-q2-update/bin/../lib/gcc/arm-none-eabi/6.3.1/../../../../arm-none-eabi/lib/thumb/v7-m/libstdc++_nano.a(tinfo.o)
                0x0000000000017d14                std::type_info::__is_function_p() const
                0x0000000000017d14                std::type_info::__is_pointer_p() const
 .text._ZNKSt9type_infoeqERKS_
                0x0000000000017d18       0x2c /home/znic1967/SJSU-Dev/tools/gcc-arm-none-eabi-6-2017-q2-update/bin/../lib/gcc/arm-none-eabi/6.3.1/../../../../arm-none-eabi/lib/thumb/v7-m/libstdc++_nano.a(tinfo.o)
                0x0000000000017d18                std::type_info::operator==(std::type_info const&) const
 .text._ZN10__cxxabiv111__terminateEPFvvE
                0x0000000000017d44        0x8 /home/znic1967/SJSU-Dev/tools/gcc-arm-none-eabi-6-2017-q2-update/bin/../lib/gcc/arm-none-eabi/6.3.1/../../../../arm-none-eabi/lib/thumb/v7-m/libstdc++_nano.a(eh_terminate.o)
                0x0000000000017d44                __cxxabiv1::__terminate(void (*)())
 .text._ZSt13get_terminatev
                0x0000000000017d4c       0x10 /home/znic1967/SJSU-Dev/tools/gcc-arm-none-eabi-6-2017-q2-update/bin/../lib/gcc/arm-none-eabi/6.3.1/../../../../arm-none-eabi/lib/thumb/v7-m/libstdc++_nano.a(eh_terminate.o)
                0x0000000000017d4c                std::get_terminate()
 .text._ZSt9terminatev
                0x0000000000017d5c        0xa /home/znic1967/SJSU-Dev/tools/gcc-arm-none-eabi-6-2017-q2-update/bin/../lib/gcc/arm-none-eabi/6.3.1/../../../../arm-none-eabi/lib/thumb/v7-m/libstdc++_nano.a(eh_terminate.o)
                0x0000000000017d5c                std::terminate()
 *fill*         0x0000000000017d66        0x2 ff
 .text          0x0000000000017d68       0x18 /home/znic1967/SJSU-Dev/tools/gcc-arm-none-eabi-6-2017-q2-update/bin/../lib/gcc/arm-none-eabi/6.3.1/thumb/v7-m/libgcc.a(_ashldi3.o)
                0x0000000000017d68                __ashldi3
                0x0000000000017d68                __aeabi_llsl
 .text          0x0000000000017d80      0x370 /home/znic1967/SJSU-Dev/tools/gcc-arm-none-eabi-6-2017-q2-update/bin/../lib/gcc/arm-none-eabi/6.3.1/thumb/v7-m/libgcc.a(_arm_addsubdf3.o)
                0x0000000000017d80                __aeabi_drsub
                0x0000000000017d88                __aeabi_dsub
                0x0000000000017d88                __subdf3
                0x0000000000017d8c                __adddf3
                0x0000000000017d8c                __aeabi_dadd
                0x0000000000018004                __aeabi_ui2d
                0x0000000000018004                __floatunsidf
                0x0000000000018024                __floatsidf
                0x0000000000018024                __aeabi_i2d
                0x0000000000018048                __extendsfdf2
                0x0000000000018048                __aeabi_f2d
                0x0000000000018084                __aeabi_ul2d
                0x0000000000018084                __floatundidf
                0x0000000000018094                __floatdidf
                0x0000000000018094                __aeabi_l2d
 .text          0x00000000000180f0       0x40 /home/znic1967/SJSU-Dev/tools/gcc-arm-none-eabi-6-2017-q2-update/bin/../lib/gcc/arm-none-eabi/6.3.1/thumb/v7-m/libgcc.a(_arm_fixunsdfsi.o)
                0x00000000000180f0                __fixunsdfsi
                0x00000000000180f0                __aeabi_d2uiz
 .text          0x0000000000018130       0xa0 /home/znic1967/SJSU-Dev/tools/gcc-arm-none-eabi-6-2017-q2-update/bin/../lib/gcc/arm-none-eabi/6.3.1/thumb/v7-m/libgcc.a(_arm_truncdfsf2.o)
                0x0000000000018130                __aeabi_d2f
                0x0000000000018130                __truncdfsf2
 .text          0x00000000000181d0      0x21c /home/znic1967/SJSU-Dev/tools/gcc-arm-none-eabi-6-2017-q2-update/bin/../lib/gcc/arm-none-eabi/6.3.1/thumb/v7-m/libgcc.a(_arm_addsubsf3.o)
                0x00000000000181d0                __aeabi_frsub
                0x00000000000181d8                __subsf3
                0x00000000000181d8                __aeabi_fsub
                0x00000000000181dc                __aeabi_fadd
                0x00000000000181dc                __addsf3
                0x000000000001833c                __aeabi_ui2f
                0x000000000001833c                __floatunsisf
                0x0000000000018344                __aeabi_i2f
                0x0000000000018344                __floatsisf
                0x0000000000018360                __floatundisf
                0x0000000000018360                __aeabi_ul2f
                0x0000000000018370                __floatdisf
                0x0000000000018370                __aeabi_l2f
 .text          0x00000000000183ec      0x2a0 /home/znic1967/SJSU-Dev/tools/gcc-arm-none-eabi-6-2017-q2-update/bin/../lib/gcc/arm-none-eabi/6.3.1/thumb/v7-m/libgcc.a(_arm_muldivsf3.o)
                0x00000000000183ec                __mulsf3
                0x00000000000183ec                __aeabi_fmul
                0x0000000000018554                __divsf3
                0x0000000000018554                __aeabi_fdiv
 .text          0x000000000001868c       0x40 /home/znic1967/SJSU-Dev/tools/gcc-arm-none-eabi-6-2017-q2-update/bin/../lib/gcc/arm-none-eabi/6.3.1/thumb/v7-m/libgcc.a(_arm_fixunssfsi.o)
                0x000000000001868c                __aeabi_f2uiz
                0x000000000001868c                __fixunssfsi
 .text          0x00000000000186cc       0x30 /home/znic1967/SJSU-Dev/tools/gcc-arm-none-eabi-6-2017-q2-update/bin/../lib/gcc/arm-none-eabi/6.3.1/thumb/v7-m/libgcc.a(_aeabi_uldivmod.o)
                0x00000000000186cc                __aeabi_uldivmod
 .text          0x00000000000186fc      0x2dc /home/znic1967/SJSU-Dev/tools/gcc-arm-none-eabi-6-2017-q2-update/bin/../lib/gcc/arm-none-eabi/6.3.1/thumb/v7-m/libgcc.a(_udivmoddi4.o)